Archive member included to satisfy reference by file (symbol)

d:/st/stm32cubeide_1.0.2/stm32cubeide/plugins/com.st.stm32cube.ide.mcu.externaltools.gnu-tools-for-stm32.7-2018-q2-update.win32_1.0.0.201904181610/tools/bin/../lib/gcc/arm-none-eabi/7.3.1/../../../../arm-none-eabi/lib/thumb/v7-m\libc_nano.a(lib_a-assert.o)
                              Drivers/modbus/ascii/mbascii.o (__assert_func)
d:/st/stm32cubeide_1.0.2/stm32cubeide/plugins/com.st.stm32cube.ide.mcu.externaltools.gnu-tools-for-stm32.7-2018-q2-update.win32_1.0.0.201904181610/tools/bin/../lib/gcc/arm-none-eabi/7.3.1/../../../../arm-none-eabi/lib/thumb/v7-m\libc_nano.a(lib_a-errno.o)
                              Src/syscalls.o (__errno)
d:/st/stm32cubeide_1.0.2/stm32cubeide/plugins/com.st.stm32cube.ide.mcu.externaltools.gnu-tools-for-stm32.7-2018-q2-update.win32_1.0.0.201904181610/tools/bin/../lib/gcc/arm-none-eabi/7.3.1/../../../../arm-none-eabi/lib/thumb/v7-m\libc_nano.a(lib_a-exit.o)
                              d:/st/stm32cubeide_1.0.2/stm32cubeide/plugins/com.st.stm32cube.ide.mcu.externaltools.gnu-tools-for-stm32.7-2018-q2-update.win32_1.0.0.201904181610/tools/bin/../lib/gcc/arm-none-eabi/7.3.1/../../../../arm-none-eabi/lib/thumb/v7-m/crt0.o (exit)
d:/st/stm32cubeide_1.0.2/stm32cubeide/plugins/com.st.stm32cube.ide.mcu.externaltools.gnu-tools-for-stm32.7-2018-q2-update.win32_1.0.0.201904181610/tools/bin/../lib/gcc/arm-none-eabi/7.3.1/../../../../arm-none-eabi/lib/thumb/v7-m\libc_nano.a(lib_a-fprintf.o)
                              d:/st/stm32cubeide_1.0.2/stm32cubeide/plugins/com.st.stm32cube.ide.mcu.externaltools.gnu-tools-for-stm32.7-2018-q2-update.win32_1.0.0.201904181610/tools/bin/../lib/gcc/arm-none-eabi/7.3.1/../../../../arm-none-eabi/lib/thumb/v7-m\libc_nano.a(lib_a-assert.o) (fiprintf)
d:/st/stm32cubeide_1.0.2/stm32cubeide/plugins/com.st.stm32cube.ide.mcu.externaltools.gnu-tools-for-stm32.7-2018-q2-update.win32_1.0.0.201904181610/tools/bin/../lib/gcc/arm-none-eabi/7.3.1/../../../../arm-none-eabi/lib/thumb/v7-m\libc_nano.a(lib_a-impure.o)
                              d:/st/stm32cubeide_1.0.2/stm32cubeide/plugins/com.st.stm32cube.ide.mcu.externaltools.gnu-tools-for-stm32.7-2018-q2-update.win32_1.0.0.201904181610/tools/bin/../lib/gcc/arm-none-eabi/7.3.1/../../../../arm-none-eabi/lib/thumb/v7-m\libc_nano.a(lib_a-exit.o) (_global_impure_ptr)
d:/st/stm32cubeide_1.0.2/stm32cubeide/plugins/com.st.stm32cube.ide.mcu.externaltools.gnu-tools-for-stm32.7-2018-q2-update.win32_1.0.0.201904181610/tools/bin/../lib/gcc/arm-none-eabi/7.3.1/../../../../arm-none-eabi/lib/thumb/v7-m\libc_nano.a(lib_a-init.o)
                              d:/st/stm32cubeide_1.0.2/stm32cubeide/plugins/com.st.stm32cube.ide.mcu.externaltools.gnu-tools-for-stm32.7-2018-q2-update.win32_1.0.0.201904181610/tools/bin/../lib/gcc/arm-none-eabi/7.3.1/../../../../arm-none-eabi/lib/thumb/v7-m/crt0.o (__libc_init_array)
d:/st/stm32cubeide_1.0.2/stm32cubeide/plugins/com.st.stm32cube.ide.mcu.externaltools.gnu-tools-for-stm32.7-2018-q2-update.win32_1.0.0.201904181610/tools/bin/../lib/gcc/arm-none-eabi/7.3.1/../../../../arm-none-eabi/lib/thumb/v7-m\libc_nano.a(lib_a-memcpy-stub.o)
                              Drivers/modbus/functions/mbfuncother.o (memcpy)
d:/st/stm32cubeide_1.0.2/stm32cubeide/plugins/com.st.stm32cube.ide.mcu.externaltools.gnu-tools-for-stm32.7-2018-q2-update.win32_1.0.0.201904181610/tools/bin/../lib/gcc/arm-none-eabi/7.3.1/../../../../arm-none-eabi/lib/thumb/v7-m\libc_nano.a(lib_a-memset.o)
                              d:/st/stm32cubeide_1.0.2/stm32cubeide/plugins/com.st.stm32cube.ide.mcu.externaltools.gnu-tools-for-stm32.7-2018-q2-update.win32_1.0.0.201904181610/tools/bin/../lib/gcc/arm-none-eabi/7.3.1/../../../../arm-none-eabi/lib/thumb/v7-m/crt0.o (memset)
d:/st/stm32cubeide_1.0.2/stm32cubeide/plugins/com.st.stm32cube.ide.mcu.externaltools.gnu-tools-for-stm32.7-2018-q2-update.win32_1.0.0.201904181610/tools/bin/../lib/gcc/arm-none-eabi/7.3.1/../../../../arm-none-eabi/lib/thumb/v7-m\libc_nano.a(lib_a-nano-vfprintf.o)
                              d:/st/stm32cubeide_1.0.2/stm32cubeide/plugins/com.st.stm32cube.ide.mcu.externaltools.gnu-tools-for-stm32.7-2018-q2-update.win32_1.0.0.201904181610/tools/bin/../lib/gcc/arm-none-eabi/7.3.1/../../../../arm-none-eabi/lib/thumb/v7-m\libc_nano.a(lib_a-fprintf.o) (_vfprintf_r)
d:/st/stm32cubeide_1.0.2/stm32cubeide/plugins/com.st.stm32cube.ide.mcu.externaltools.gnu-tools-for-stm32.7-2018-q2-update.win32_1.0.0.201904181610/tools/bin/../lib/gcc/arm-none-eabi/7.3.1/../../../../arm-none-eabi/lib/thumb/v7-m\libc_nano.a(lib_a-nano-vfprintf_i.o)
                              d:/st/stm32cubeide_1.0.2/stm32cubeide/plugins/com.st.stm32cube.ide.mcu.externaltools.gnu-tools-for-stm32.7-2018-q2-update.win32_1.0.0.201904181610/tools/bin/../lib/gcc/arm-none-eabi/7.3.1/../../../../arm-none-eabi/lib/thumb/v7-m\libc_nano.a(lib_a-nano-vfprintf.o) (_printf_i)
[...]
Memory Configuration

Name             Origin             Length             Attributes
RAM              0x0000000020000000 0x0000000000002000 xrw
FLASH            0x0000000008000000 0x0000000000020000 xr
*default*        0x0000000000000000 0xffffffffffffffff

Linker script and memory map

LOAD d:/st/stm32cubeide_1.0.2/stm32cubeide/plugins/com.st.stm32cube.ide.mcu.externaltools.gnu-tools-for-stm32.7-2018-q2-update.win32_1.0.0.201904181610/tools/bin/../lib/gcc/arm-none-eabi/7.3.1/thumb/v7-m/crti.o
LOAD d:/st/stm32cubeide_1.0.2/stm32cubeide/plugins/com.st.stm32cube.ide.mcu.externaltools.gnu-tools-for-stm32.7-2018-q2-update.win32_1.0.0.201904181610/tools/bin/../lib/gcc/arm-none-eabi/7.3.1/thumb/v7-m/crtbegin.o
LOAD d:/st/stm32cubeide_1.0.2/stm32cubeide/plugins/com.st.stm32cube.ide.mcu.externaltools.gnu-tools-for-stm32.7-2018-q2-update.win32_1.0.0.201904181610/tools/bin/../lib/gcc/arm-none-eabi/7.3.1/../../../../arm-none-eabi/lib/thumb/v7-m/crt0.o
LOAD Drivers/STM32F1xx_HAL_Driver/Src/stm32f1xx_hal.o
LOAD Drivers/STM32F1xx_HAL_Driver/Src/stm32f1xx_hal_cortex.o
LOAD Drivers/STM32F1xx_HAL_Driver/Src/stm32f1xx_hal_dma.o
LOAD Drivers/STM32F1xx_HAL_Driver/Src/stm32f1xx_hal_exti.o
LOAD Drivers/STM32F1xx_HAL_Driver/Src/stm32f1xx_hal_flash.o
LOAD Drivers/STM32F1xx_HAL_Driver/Src/stm32f1xx_hal_flash_ex.o
LOAD Drivers/STM32F1xx_HAL_Driver/Src/stm32f1xx_hal_gpio.o
LOAD Drivers/STM32F1xx_HAL_Driver/Src/stm32f1xx_hal_gpio_ex.o
LOAD Drivers/STM32F1xx_HAL_Driver/Src/stm32f1xx_hal_pwr.o
LOAD Drivers/STM32F1xx_HAL_Driver/Src/stm32f1xx_hal_rcc.o
LOAD Drivers/STM32F1xx_HAL_Driver/Src/stm32f1xx_hal_rcc_ex.o
LOAD Drivers/STM32F1xx_HAL_Driver/Src/stm32f1xx_hal_tim.o
LOAD Drivers/STM32F1xx_HAL_Driver/Src/stm32f1xx_hal_tim_ex.o
LOAD Drivers/STM32F1xx_HAL_Driver/Src/stm32f1xx_hal_uart.o
LOAD Drivers/modbus/ascii/mbascii.o
LOAD Drivers/modbus/functions/mbfunccoils.o
LOAD Drivers/modbus/functions/mbfuncdiag.o
LOAD Drivers/modbus/functions/mbfuncdisc.o
LOAD Drivers/modbus/functions/mbfuncholding.o
LOAD Drivers/modbus/functions/mbfuncinput.o
LOAD Drivers/modbus/functions/mbfuncother.o
LOAD Drivers/modbus/functions/mbutils.o
LOAD Drivers/modbus/mb.o
LOAD Drivers/modbus/port/portevent.o
LOAD Drivers/modbus/port/portserial.o
LOAD Drivers/modbus/port/porttimer.o
LOAD Drivers/modbus/rtu/mbcrc.o
LOAD Drivers/modbus/rtu/mbrtu.o
LOAD Drivers/modbus/tcp/mbtcp.o
LOAD Src/main.o
LOAD Src/stm32f1xx_hal_msp.o
LOAD Src/stm32f1xx_it.o
LOAD Src/syscalls.o
LOAD Src/sysmem.o
LOAD Src/system_stm32f1xx.o
LOAD Startup/startup_stm32f100rbtx.o
START GROUP
LOAD d:/st/stm32cubeide_1.0.2/stm32cubeide/plugins/com.st.stm32cube.ide.mcu.externaltools.gnu-tools-for-stm32.7-2018-q2-update.win32_1.0.0.201904181610/tools/bin/../lib/gcc/arm-none-eabi/7.3.1/../../../../arm-none-eabi/lib/thumb/v7-m\libc_nano.a
LOAD d:/st/stm32cubeide_1.0.2/stm32cubeide/plugins/com.st.stm32cube.ide.mcu.externaltools.gnu-tools-for-stm32.7-2018-q2-update.win32_1.0.0.201904181610/tools/bin/../lib/gcc/arm-none-eabi/7.3.1/../../../../arm-none-eabi/lib/thumb/v7-m\libm.a
END GROUP
START GROUP
LOAD d:/st/stm32cubeide_1.0.2/stm32cubeide/plugins/com.st.stm32cube.ide.mcu.externaltools.gnu-tools-for-stm32.7-2018-q2-update.win32_1.0.0.201904181610/tools/bin/../lib/gcc/arm-none-eabi/7.3.1/thumb/v7-m\libgcc.a
LOAD d:/st/stm32cubeide_1.0.2/stm32cubeide/plugins/com.st.stm32cube.ide.mcu.externaltools.gnu-tools-for-stm32.7-2018-q2-update.win32_1.0.0.201904181610/tools/bin/../lib/gcc/arm-none-eabi/7.3.1/../../../../arm-none-eabi/lib/thumb/v7-m\libc_nano.a
END GROUP
START GROUP
LOAD d:/st/stm32cubeide_1.0.2/stm32cubeide/plugins/com.st.stm32cube.ide.mcu.externaltools.gnu-tools-for-stm32.7-2018-q2-update.win32_1.0.0.201904181610/tools/bin/../lib/gcc/arm-none-eabi/7.3.1/thumb/v7-m\libgcc.a
LOAD d:/st/stm32cubeide_1.0.2/stm32cubeide/plugins/com.st.stm32cube.ide.mcu.externaltools.gnu-tools-for-stm32.7-2018-q2-update.win32_1.0.0.201904181610/tools/bin/../lib/gcc/arm-none-eabi/7.3.1/../../../../arm-none-eabi/lib/thumb/v7-m\libc_nano.a
LOAD d:/st/stm32cubeide_1.0.2/stm32cubeide/plugins/com.st.stm32cube.ide.mcu.externaltools.gnu-tools-for-stm32.7-2018-q2-update.win32_1.0.0.201904181610/tools/bin/../lib/gcc/arm-none-eabi/7.3.1/../../../../arm-none-eabi/lib/thumb/v7-m\libnosys.a
END GROUP
START GROUP
LOAD d:/st/stm32cubeide_1.0.2/stm32cubeide/plugins/com.st.stm32cube.ide.mcu.externaltools.gnu-tools-for-stm32.7-2018-q2-update.win32_1.0.0.201904181610/tools/bin/../lib/gcc/arm-none-eabi/7.3.1/thumb/v7-m\libgcc.a
LOAD d:/st/stm32cubeide_1.0.2/stm32cubeide/plugins/com.st.stm32cube.ide.mcu.externaltools.gnu-tools-for-stm32.7-2018-q2-update.win32_1.0.0.201904181610/tools/bin/../lib/gcc/arm-none-eabi/7.3.1/../../../../arm-none-eabi/lib/thumb/v7-m\libc_nano.a
LOAD d:/st/stm32cubeide_1.0.2/stm32cubeide/plugins/com.st.stm32cube.ide.mcu.externaltools.gnu-tools-for-stm32.7-2018-q2-update.win32_1.0.0.201904181610/tools/bin/../lib/gcc/arm-none-eabi/7.3.1/../../../../arm-none-eabi/lib/thumb/v7-m\libnosys.a
END GROUP
LOAD d:/st/stm32cubeide_1.0.2/stm32cubeide/plugins/com.st.stm32cube.ide.mcu.externaltools.gnu-tools-for-stm32.7-2018-q2-update.win32_1.0.0.201904181610/tools/bin/../lib/gcc/arm-none-eabi/7.3.1/thumb/v7-m/crtend.o
LOAD d:/st/stm32cubeide_1.0.2/stm32cubeide/plugins/com.st.stm32cube.ide.mcu.externaltools.gnu-tools-for-stm32.7-2018-q2-update.win32_1.0.0.201904181610/tools/bin/../lib/gcc/arm-none-eabi/7.3.1/thumb/v7-m/crtn.o
                0x0000000020002000                _estack = 0x20002000
                0x0000000000000200                _Min_Heap_Size = 0x200
                0x0000000000000400                _Min_Stack_Size = 0x400

.isr_vector     0x0000000008000000      0x1d0
                0x0000000008000000                . = ALIGN (0x4)
 *(.isr_vector)
 .isr_vector    0x0000000008000000      0x1d0 Startup/startup_stm32f100rbtx.o
                0x0000000008000000                g_pfnVectors
                0x00000000080001d0                . = ALIGN (0x4)

.text           0x00000000080001d0     0x4a84
                0x00000000080001d0                . = ALIGN (0x4)
 *(.text)
 .text          0x00000000080001d0       0x40 d:/st/stm32cubeide_1.0.2/stm32cubeide/plugins/com.st.stm32cube.ide.mcu.externaltools.gnu-tools-for-stm32.7-2018-q2-update.win32_1.0.0.201904181610/tools/bin/../lib/gcc/arm-none-eabi/7.3.1/thumb/v7-m/crtbegin.o
 *(.text*)
 .text.HAL_Init
                0x0000000008000210       0x1a Drivers/STM32F1xx_HAL_Driver/Src/stm32f1xx_hal.o
                0x0000000008000210                HAL_Init
 *fill*         0x000000000800022a        0x2 
 .text.HAL_InitTick
                0x000000000800022c       0x60 Drivers/STM32F1xx_HAL_Driver/Src/stm32f1xx_hal.o
                0x000000000800022c                HAL_InitTick
 .text.HAL_IncTick
                0x000000000800028c       0x24 Drivers/STM32F1xx_HAL_Driver/Src/stm32f1xx_hal.o
                0x000000000800028c                HAL_IncTick
 .text.HAL_GetTick
                0x00000000080002b0       0x14 Drivers/STM32F1xx_HAL_Driver/Src/stm32f1xx_hal.o
                0x00000000080002b0                HAL_GetTick
 .text.__NVIC_SetPriorityGrouping
                0x00000000080002c4       0x48 Drivers/STM32F1xx_HAL_Driver/Src/stm32f1xx_hal_cortex.o
 .text.__NVIC_GetPriorityGrouping
                0x000000000800030c       0x1c Drivers/STM32F1xx_HAL_Driver/Src/stm32f1xx_hal_cortex.o
 .text.__NVIC_EnableIRQ
                0x0000000008000328       0x38 Drivers/STM32F1xx_HAL_Driver/Src/stm32f1xx_hal_cortex.o
 .text.__NVIC_SetPriority
                0x0000000008000360       0x54 Drivers/STM32F1xx_HAL_Driver/Src/stm32f1xx_hal_cortex.o
 .text.NVIC_EncodePriority
                0x00000000080003b4       0x64 Drivers/STM32F1xx_HAL_Driver/Src/stm32f1xx_hal_cortex.o
 .text.SysTick_Config
                0x0000000008000418       0x44 Drivers/STM32F1xx_HAL_Driver/Src/stm32f1xx_hal_cortex.o
 .text.HAL_NVIC_SetPriorityGrouping
                0x000000000800045c       0x16 Drivers/STM32F1xx_HAL_Driver/Src/stm32f1xx_hal_cortex.o
                0x000000000800045c                HAL_NVIC_SetPriorityGrouping
 .text.HAL_NVIC_SetPriority
                0x0000000008000472       0x38 Drivers/STM32F1xx_HAL_Driver/Src/stm32f1xx_hal_cortex.o
                0x0000000008000472                HAL_NVIC_SetPriority
 .text.HAL_NVIC_EnableIRQ
                0x00000000080004aa       0x1c Drivers/STM32F1xx_HAL_Driver/Src/stm32f1xx_hal_cortex.o
                0x00000000080004aa                HAL_NVIC_EnableIRQ
 .text.HAL_SYSTICK_Config
                0x00000000080004c6       0x18 Drivers/STM32F1xx_HAL_Driver/Src/stm32f1xx_hal_cortex.o
                0x00000000080004c6                HAL_SYSTICK_Config
 *fill*         0x00000000080004de        0x2 
 .text.HAL_GPIO_Init
                0x00000000080004e0      0x2b4 Drivers/STM32F1xx_HAL_Driver/Src/stm32f1xx_hal_gpio.o
                0x00000000080004e0                HAL_GPIO_Init
 .text.HAL_RCC_OscConfig
                0x0000000008000794      0x500 Drivers/STM32F1xx_HAL_Driver/Src/stm32f1xx_hal_rcc.o
                0x0000000008000794                HAL_RCC_OscConfig
 .text.HAL_RCC_ClockConfig
                0x0000000008000c94      0x170 Drivers/STM32F1xx_HAL_Driver/Src/stm32f1xx_hal_rcc.o
                0x0000000008000c94                HAL_RCC_ClockConfig
 .text.HAL_RCC_GetSysClockFreq
                0x0000000008000e04       0xc8 Drivers/STM32F1xx_HAL_Driver/Src/stm32f1xx_hal_rcc.o
                0x0000000008000e04                HAL_RCC_GetSysClockFreq
 .text.HAL_RCC_GetHCLKFreq
                0x0000000008000ecc       0x14 Drivers/STM32F1xx_HAL_Driver/Src/stm32f1xx_hal_rcc.o
                0x0000000008000ecc                HAL_RCC_GetHCLKFreq
 .text.HAL_RCC_GetPCLK1Freq
                0x0000000008000ee0       0x28 Drivers/STM32F1xx_HAL_Driver/Src/stm32f1xx_hal_rcc.o
                0x0000000008000ee0                HAL_RCC_GetPCLK1Freq
 .text.HAL_RCC_GetPCLK2Freq
                0x0000000008000f08       0x28 Drivers/STM32F1xx_HAL_Driver/Src/stm32f1xx_hal_rcc.o
                0x0000000008000f08                HAL_RCC_GetPCLK2Freq
 .text.RCC_Delay
                0x0000000008000f30       0x3c Drivers/STM32F1xx_HAL_Driver/Src/stm32f1xx_hal_rcc.o
 .text.HAL_TIM_Base_Init
                0x0000000008000f6c       0x56 Drivers/STM32F1xx_HAL_Driver/Src/stm32f1xx_hal_tim.o
                0x0000000008000f6c                HAL_TIM_Base_Init
 .text.HAL_TIM_Base_Start_IT
                0x0000000008000fc2       0x46 Drivers/STM32F1xx_HAL_Driver/Src/stm32f1xx_hal_tim.o
                0x0000000008000fc2                HAL_TIM_Base_Start_IT
 .text.HAL_TIM_Base_Stop_IT
                0x0000000008001008       0x54 Drivers/STM32F1xx_HAL_Driver/Src/stm32f1xx_hal_tim.o
                0x0000000008001008                HAL_TIM_Base_Stop_IT
 .text.HAL_TIM_IRQHandler
                0x000000000800105c      0x210 Drivers/STM32F1xx_HAL_Driver/Src/stm32f1xx_hal_tim.o
                0x000000000800105c                HAL_TIM_IRQHandler
 .text.HAL_TIM_OC_DelayElapsedCallback
                0x000000000800126c       0x12 Drivers/STM32F1xx_HAL_Driver/Src/stm32f1xx_hal_tim.o
                0x000000000800126c                HAL_TIM_OC_DelayElapsedCallback
 .text.HAL_TIM_IC_CaptureCallback
                0x000000000800127e       0x12 Drivers/STM32F1xx_HAL_Driver/Src/stm32f1xx_hal_tim.o
                0x000000000800127e                HAL_TIM_IC_CaptureCallback
 .text.HAL_TIM_PWM_PulseFinishedCallback
                0x0000000008001290       0x12 Drivers/STM32F1xx_HAL_Driver/Src/stm32f1xx_hal_tim.o
                0x0000000008001290                HAL_TIM_PWM_PulseFinishedCallback
 .text.HAL_TIM_TriggerCallback
                0x00000000080012a2       0x12 Drivers/STM32F1xx_HAL_Driver/Src/stm32f1xx_hal_tim.o
                0x00000000080012a2                HAL_TIM_TriggerCallback
 .text.TIM_Base_SetConfig
                0x00000000080012b4      0x100 Drivers/STM32F1xx_HAL_Driver/Src/stm32f1xx_hal_tim.o
                0x00000000080012b4                TIM_Base_SetConfig
 .text.HAL_TIMEx_MasterConfigSynchronization
                0x00000000080013b4       0x88 Drivers/STM32F1xx_HAL_Driver/Src/stm32f1xx_hal_tim_ex.o
                0x00000000080013b4                HAL_TIMEx_MasterConfigSynchronization
 .text.HAL_TIMEx_CommutCallback
                0x000000000800143c       0x12 Drivers/STM32F1xx_HAL_Driver/Src/stm32f1xx_hal_tim_ex.o
                0x000000000800143c                HAL_TIMEx_CommutCallback
 .text.HAL_TIMEx_BreakCallback
                0x000000000800144e       0x12 Drivers/STM32F1xx_HAL_Driver/Src/stm32f1xx_hal_tim_ex.o
                0x000000000800144e                HAL_TIMEx_BreakCallback
 .text.HAL_UART_Init
                0x0000000008001460       0x9a Drivers/STM32F1xx_HAL_Driver/Src/stm32f1xx_hal_uart.o
                0x0000000008001460                HAL_UART_Init
 *fill*         0x00000000080014fa        0x2 
 .text.UART_SetConfig
                0x00000000080014fc      0x310 Drivers/STM32F1xx_HAL_Driver/Src/stm32f1xx_hal_uart.o
 .text.eMBASCIIInit
                0x000000000800180c       0x60 Drivers/modbus/ascii/mbascii.o
                0x000000000800180c                eMBASCIIInit
 .text.eMBASCIIStart
                0x000000000800186c       0x28 Drivers/modbus/ascii/mbascii.o
                0x000000000800186c                eMBASCIIStart
 .text.eMBASCIIStop
                0x0000000008001894       0x1c Drivers/modbus/ascii/mbascii.o
                0x0000000008001894                eMBASCIIStop
 .text.eMBASCIIReceive
                0x00000000080018b0       0x98 Drivers/modbus/ascii/mbascii.o
                0x00000000080018b0                eMBASCIIReceive
 .text.eMBASCIISend
                0x0000000008001948       0xac Drivers/modbus/ascii/mbascii.o
                0x0000000008001948                eMBASCIISend
 .text.xMBASCIIReceiveFSM
                0x00000000080019f4      0x17c Drivers/modbus/ascii/mbascii.o
                0x00000000080019f4                xMBASCIIReceiveFSM
 .text.xMBASCIITransmitFSM
                0x0000000008001b70      0x160 Drivers/modbus/ascii/mbascii.o
                0x0000000008001b70                xMBASCIITransmitFSM
 .text.xMBASCIITimerT1SExpired
                0x0000000008001cd0       0x58 Drivers/modbus/ascii/mbascii.o
                0x0000000008001cd0                xMBASCIITimerT1SExpired
 .text.prvucMBCHAR2BIN
                0x0000000008001d28       0x3e Drivers/modbus/ascii/mbascii.o
 *fill*         0x0000000008001d66        0x2 
 .text.prvucMBBIN2CHAR
                0x0000000008001d68       0x50 Drivers/modbus/ascii/mbascii.o
 .text.prvucMBLRC
                0x0000000008001db8       0x3c Drivers/modbus/ascii/mbascii.o
 .text.eMBFuncReadCoils
                0x0000000008001df4       0xfe Drivers/modbus/functions/mbfunccoils.o
                0x0000000008001df4                eMBFuncReadCoils
 .text.eMBFuncWriteCoil
                0x0000000008001ef2       0xa6 Drivers/modbus/functions/mbfunccoils.o
                0x0000000008001ef2                eMBFuncWriteCoil
 .text.eMBFuncWriteMultipleCoils
                0x0000000008001f98       0xce Drivers/modbus/functions/mbfunccoils.o
                0x0000000008001f98                eMBFuncWriteMultipleCoils
 .text.eMBFuncReadDiscreteInputs
                0x0000000008002066       0xfe Drivers/modbus/functions/mbfuncdisc.o
                0x0000000008002066                eMBFuncReadDiscreteInputs
 .text.eMBFuncWriteHoldingRegister
                0x0000000008002164       0x6a Drivers/modbus/functions/mbfuncholding.o
                0x0000000008002164                eMBFuncWriteHoldingRegister
 .text.eMBFuncWriteMultipleHoldingRegister
                0x00000000080021ce       0xb2 Drivers/modbus/functions/mbfuncholding.o
                0x00000000080021ce                eMBFuncWriteMultipleHoldingRegister
 .text.eMBFuncReadHoldingRegister
                0x0000000008002280       0xde Drivers/modbus/functions/mbfuncholding.o
                0x0000000008002280                eMBFuncReadHoldingRegister
 .text.eMBFuncReadWriteMultipleHoldingRegister
                0x000000000800235e      0x154 Drivers/modbus/functions/mbfuncholding.o
                0x000000000800235e                eMBFuncReadWriteMultipleHoldingRegister
 .text.eMBFuncReadInputRegister
                0x00000000080024b2       0xe4 Drivers/modbus/functions/mbfuncinput.o
                0x00000000080024b2                eMBFuncReadInputRegister
 *fill*         0x0000000008002596        0x2 
 .text.eMBFuncReportSlaveID
                0x0000000008002598       0x38 Drivers/modbus/functions/mbfuncother.o
                0x0000000008002598                eMBFuncReportSlaveID
 .text.prveMBError2Exception
                0x00000000080025d0       0x3c Drivers/modbus/functions/mbutils.o
                0x00000000080025d0                prveMBError2Exception
 .text.eMBInit  0x000000000800260c      0x160 Drivers/modbus/mb.o
                0x000000000800260c                eMBInit
 .text.eMBEnable
                0x000000000800276c       0x38 Drivers/modbus/mb.o
                0x000000000800276c                eMBEnable
 .text.eMBPoll  0x00000000080027a4      0x174 Drivers/modbus/mb.o
                0x00000000080027a4                eMBPoll
 .text.xMBPortEventInit
                0x0000000008002918       0x18 Drivers/modbus/port/portevent.o
                0x0000000008002918                xMBPortEventInit
 .text.xMBPortEventPost
                0x0000000008002930       0x2c Drivers/modbus/port/portevent.o
                0x0000000008002930                xMBPortEventPost
 .text.xMBPortEventGet
                0x000000000800295c       0x3c Drivers/modbus/port/portevent.o
                0x000000000800295c                xMBPortEventGet
 .text.vMBPortSerialEnable
                0x0000000008002998       0x70 Drivers/modbus/port/portserial.o
                0x0000000008002998                vMBPortSerialEnable
 .text.xMBPortSerialInit
                0x0000000008002a08       0xcc Drivers/modbus/port/portserial.o
                0x0000000008002a08                xMBPortSerialInit
 .text.xMBPortSerialPutByte
                0x0000000008002ad4       0x24 Drivers/modbus/port/portserial.o
                0x0000000008002ad4                xMBPortSerialPutByte
 .text.xMBPortSerialGetByte
                0x0000000008002af8       0x40 Drivers/modbus/port/portserial.o
                0x0000000008002af8                xMBPortSerialGetByte
 .text.prvvUARTTxReadyISR
                0x0000000008002b38       0x14 Drivers/modbus/port/portserial.o
                0x0000000008002b38                prvvUARTTxReadyISR
 .text.prvvUARTRxISR
                0x0000000008002b4c       0x14 Drivers/modbus/port/portserial.o
                0x0000000008002b4c                prvvUARTRxISR
 .text.USART_Init
                0x0000000008002b60       0x92 Drivers/modbus/port/portserial.o
                0x0000000008002b60                USART_Init
 *fill*         0x0000000008002bf2        0x2 
 .text.USART_MspInit
                0x0000000008002bf4      0x15c Drivers/modbus/port/portserial.o
                0x0000000008002bf4                USART_MspInit
 .text.USART_SetConfig
                0x0000000008002d50      0x22c Drivers/modbus/port/portserial.o
 .text.xMBPortTimersInit
                0x0000000008002f7c       0x20 Drivers/modbus/port/porttimer.o
                0x0000000008002f7c                xMBPortTimersInit
 .text.vMBPortTimersEnable
                0x0000000008002f9c       0x1c Drivers/modbus/port/porttimer.o
                0x0000000008002f9c                vMBPortTimersEnable
 .text.vMBPortTimersDisable
                0x0000000008002fb8       0x14 Drivers/modbus/port/porttimer.o
                0x0000000008002fb8                vMBPortTimersDisable
 .text.prvvTIMERExpiredISR
                0x0000000008002fcc       0x14 Drivers/modbus/port/porttimer.o
 .text.HAL_TIM_PeriodElapsedCallback
                0x0000000008002fe0       0x34 Drivers/modbus/port/porttimer.o
                0x0000000008002fe0                HAL_TIM_PeriodElapsedCallback
 .text.usMBCRC16
                0x0000000008003014       0x6c Drivers/modbus/rtu/mbcrc.o
                0x0000000008003014                usMBCRC16
 .text.eMBRTUInit
                0x0000000008003080       0x78 Drivers/modbus/rtu/mbrtu.o
                0x0000000008003080                eMBRTUInit
 .text.eMBRTUStart
                0x00000000080030f8       0x28 Drivers/modbus/rtu/mbrtu.o
                0x00000000080030f8                eMBRTUStart
 .text.eMBRTUStop
                0x0000000008003120       0x1c Drivers/modbus/rtu/mbrtu.o
                0x0000000008003120                eMBRTUStop
 .text.eMBRTUReceive
                0x000000000800313c       0x9c Drivers/modbus/rtu/mbrtu.o
                0x000000000800313c                eMBRTUReceive
 .text.eMBRTUSend
                0x00000000080031d8       0xc8 Drivers/modbus/rtu/mbrtu.o
                0x00000000080031d8                eMBRTUSend
 .text.xMBRTUReceiveFSM
                0x00000000080032a0       0xd0 Drivers/modbus/rtu/mbrtu.o
                0x00000000080032a0                xMBRTUReceiveFSM
 .text.xMBRTUTransmitFSM
                0x0000000008003370       0xb0 Drivers/modbus/rtu/mbrtu.o
                0x0000000008003370                xMBRTUTransmitFSM
 .text.xMBRTUTimerT35Expired
                0x0000000008003420       0x88 Drivers/modbus/rtu/mbrtu.o
                0x0000000008003420                xMBRTUTimerT35Expired
 .text.eMBRegInputCB
                0x00000000080034a8       0x88 Src/main.o
                0x00000000080034a8                eMBRegInputCB
 .text.eMBRegHoldingCB
                0x0000000008003530       0xe8 Src/main.o
                0x0000000008003530                eMBRegHoldingCB
 .text.eMBRegCoilsCB
                0x0000000008003618       0x26 Src/main.o
                0x0000000008003618                eMBRegCoilsCB
 .text.eMBRegDiscreteCB
                0x000000000800363e       0x1c Src/main.o
                0x000000000800363e                eMBRegDiscreteCB
 *fill*         0x000000000800365a        0x2 
 .text.__critical_enter
                0x000000000800365c       0x1c Src/main.o
                0x000000000800365c                __critical_enter
 .text.__critical_exit
                0x0000000008003678       0x24 Src/main.o
                0x0000000008003678                __critical_exit
 .text.main     0x000000000800369c       0x50 Src/main.o
                0x000000000800369c                main
 .text.SystemClock_Config
                0x00000000080036ec       0x84 Src/main.o
                0x00000000080036ec                SystemClock_Config
 .text.MX_TIM6_Init
                0x0000000008003770       0x68 Src/main.o
 .text.MX_USART2_UART_Init
                0x00000000080037d8       0x54 Src/main.o
 .text.MX_GPIO_Init
                0x000000000800382c       0x5c Src/main.o
 .text.Error_Handler
                0x0000000008003888        0xc Src/main.o
                0x0000000008003888                Error_Handler
 .text.HAL_MspInit
                0x0000000008003894       0x64 Src/stm32f1xx_hal_msp.o
                0x0000000008003894                HAL_MspInit
 .text.HAL_TIM_Base_MspInit
                0x00000000080038f8       0x4c Src/stm32f1xx_hal_msp.o
                0x00000000080038f8                HAL_TIM_Base_MspInit
 .text.HAL_UART_MspInit
                0x0000000008003944       0x94 Src/stm32f1xx_hal_msp.o
                0x0000000008003944                HAL_UART_MspInit
 .text.DINAR_UART_IRQHandler
                0x00000000080039d8       0x7c Src/stm32f1xx_it.o
                0x00000000080039d8                DINAR_UART_IRQHandler
 .text.USART1_IRQHandler
                0x0000000008003a54       0x14 Src/stm32f1xx_it.o
                0x0000000008003a54                USART1_IRQHandler
 .text.USART2_IRQHandler
                0x0000000008003a68       0x14 Src/stm32f1xx_it.o
                0x0000000008003a68                USART2_IRQHandler
 .text.USART3_IRQHandler
                0x0000000008003a7c       0x14 Src/stm32f1xx_it.o
                0x0000000008003a7c                USART3_IRQHandler
 .text.NMI_Handler
                0x0000000008003a90        0xc Src/stm32f1xx_it.o
                0x0000000008003a90                NMI_Handler
 .text.HardFault_Handler
                0x0000000008003a9c        0x6 Src/stm32f1xx_it.o
                0x0000000008003a9c                HardFault_Handler
 .text.MemManage_Handler
                0x0000000008003aa2        0x6 Src/stm32f1xx_it.o
                0x0000000008003aa2                MemManage_Handler
 .text.BusFault_Handler
                0x0000000008003aa8        0x6 Src/stm32f1xx_it.o
                0x0000000008003aa8                BusFault_Handler
 .text.UsageFault_Handler
                0x0000000008003aae        0x6 Src/stm32f1xx_it.o
                0x0000000008003aae                UsageFault_Handler
 .text.SVC_Handler
                0x0000000008003ab4        0xc Src/stm32f1xx_it.o
                0x0000000008003ab4                SVC_Handler
 .text.DebugMon_Handler
                0x0000000008003ac0        0xc Src/stm32f1xx_it.o
                0x0000000008003ac0                DebugMon_Handler
 .text.PendSV_Handler
                0x0000000008003acc        0xc Src/stm32f1xx_it.o
                0x0000000008003acc                PendSV_Handler
 .text.SysTick_Handler
                0x0000000008003ad8        0xc Src/stm32f1xx_it.o
                0x0000000008003ad8                SysTick_Handler
 .text.TIM6_DAC_IRQHandler
                0x0000000008003ae4       0x14 Src/stm32f1xx_it.o
                0x0000000008003ae4                TIM6_DAC_IRQHandler
 .text._getpid  0x0000000008003af8        0xe Src/syscalls.o
                0x0000000008003af8                _getpid
 .text._kill    0x0000000008003b06       0x20 Src/syscalls.o
                0x0000000008003b06                _kill
 .text._exit    0x0000000008003b26       0x14 Src/syscalls.o
                0x0000000008003b26                _exit
 .text._read    0x0000000008003b3a       0x3a Src/syscalls.o
                0x0000000008003b3a                _read
 .text._write   0x0000000008003b74       0x38 Src/syscalls.o
                0x0000000008003b74                _write
 .text._close   0x0000000008003bac       0x16 Src/syscalls.o
                0x0000000008003bac                _close
 .text._fstat   0x0000000008003bc2       0x1e Src/syscalls.o
                0x0000000008003bc2                _fstat
 .text._isatty  0x0000000008003be0       0x14 Src/syscalls.o
                0x0000000008003be0                _isatty
 .text._lseek   0x0000000008003bf4       0x18 Src/syscalls.o
                0x0000000008003bf4                _lseek
 .text._sbrk    0x0000000008003c0c       0x58 Src/sysmem.o
                0x0000000008003c0c                _sbrk
 .text.SystemInit
                0x0000000008003c64       0x70 Src/system_stm32f1xx.o
                0x0000000008003c64                SystemInit
 .text.Reset_Handler
                0x0000000008003cd4       0x48 Startup/startup_stm32f100rbtx.o
                0x0000000008003cd4                Reset_Handler
 .text.Default_Handler
                0x0000000008003d1c        0x2 Startup/startup_stm32f100rbtx.o
                0x0000000008003d1c                RTC_Alarm_IRQHandler
                0x0000000008003d1c                EXTI2_IRQHandler
                0x0000000008003d1c                TIM1_CC_IRQHandler
                0x0000000008003d1c                PVD_IRQHandler
                0x0000000008003d1c                EXTI3_IRQHandler
                0x0000000008003d1c                EXTI0_IRQHandler
                0x0000000008003d1c                TIM1_UP_TIM16_IRQHandler
                0x0000000008003d1c                SPI1_IRQHandler
                0x0000000008003d1c                TAMPER_IRQHandler
                0x0000000008003d1c                DMA1_Channel4_IRQHandler
                0x0000000008003d1c                ADC1_IRQHandler
                0x0000000008003d1c                RTC_IRQHandler
                0x0000000008003d1c                DMA1_Channel7_IRQHandler
                0x0000000008003d1c                TIM4_IRQHandler
                0x0000000008003d1c                I2C1_EV_IRQHandler
                0x0000000008003d1c                DMA1_Channel6_IRQHandler
                0x0000000008003d1c                TIM3_IRQHandler
                0x0000000008003d1c                RCC_IRQHandler
                0x0000000008003d1c                DMA1_Channel1_IRQHandler
                0x0000000008003d1c                Default_Handler
                0x0000000008003d1c                CEC_IRQHandler
                0x0000000008003d1c                EXTI15_10_IRQHandler
                0x0000000008003d1c                TIM7_IRQHandler
                0x0000000008003d1c                EXTI9_5_IRQHandler
                0x0000000008003d1c                DMA1_Channel5_IRQHandler
                0x0000000008003d1c                EXTI4_IRQHandler
                0x0000000008003d1c                TIM1_TRG_COM_TIM17_IRQHandler
                0x0000000008003d1c                DMA1_Channel3_IRQHandler
                0x0000000008003d1c                WWDG_IRQHandler
                0x0000000008003d1c                TIM2_IRQHandler
                0x0000000008003d1c                EXTI1_IRQHandler
                0x0000000008003d1c                DMA1_Channel2_IRQHandler
                0x0000000008003d1c                FLASH_IRQHandler
                0x0000000008003d1c                I2C1_ER_IRQHandler
                0x0000000008003d1c                TIM1_BRK_TIM15_IRQHandler
 *fill*         0x0000000008003d1e        0x2 
 .text.__assert_func
                0x0000000008003d20       0x3c d:/st/stm32cubeide_1.0.2/stm32cubeide/plugins/com.st.stm32cube.ide.mcu.externaltools.gnu-tools-for-stm32.7-2018-q2-update.win32_1.0.0.201904181610/tools/bin/../lib/gcc/arm-none-eabi/7.3.1/../../../../arm-none-eabi/lib/thumb/v7-m\libc_nano.a(lib_a-assert.o)
                0x0000000008003d20                __assert_func
 .text.__errno  0x0000000008003d5c        0xc d:/st/stm32cubeide_1.0.2/stm32cubeide/plugins/com.st.stm32cube.ide.mcu.externaltools.gnu-tools-for-stm32.7-2018-q2-update.win32_1.0.0.201904181610/tools/bin/../lib/gcc/arm-none-eabi/7.3.1/../../../../arm-none-eabi/lib/thumb/v7-m\libc_nano.a(lib_a-errno.o)
                0x0000000008003d5c                __errno
 .text.fprintf  0x0000000008003d68       0x24 d:/st/stm32cubeide_1.0.2/stm32cubeide/plugins/com.st.stm32cube.ide.mcu.externaltools.gnu-tools-for-stm32.7-2018-q2-update.win32_1.0.0.201904181610/tools/bin/../lib/gcc/arm-none-eabi/7.3.1/../../../../arm-none-eabi/lib/thumb/v7-m\libc_nano.a(lib_a-fprintf.o)
                0x0000000008003d68                fiprintf
                0x0000000008003d68                fprintf
 .text.__libc_init_array
                0x0000000008003d8c       0x48 d:/st/stm32cubeide_1.0.2/stm32cubeide/plugins/com.st.stm32cube.ide.mcu.externaltools.gnu-tools-for-stm32.7-2018-q2-update.win32_1.0.0.201904181610/tools/bin/../lib/gcc/arm-none-eabi/7.3.1/../../../../arm-none-eabi/lib/thumb/v7-m\libc_nano.a(lib_a-init.o)
                0x0000000008003d8c                __libc_init_array
 .text.memcpy   0x0000000008003dd4       0x16 d:/st/stm32cubeide_1.0.2/stm32cubeide/plugins/com.st.stm32cube.ide.mcu.externaltools.gnu-tools-for-stm32.7-2018-q2-update.win32_1.0.0.201904181610/tools/bin/../lib/gcc/arm-none-eabi/7.3.1/../../../../arm-none-eabi/lib/thumb/v7-m\libc_nano.a(lib_a-memcpy-stub.o)
                0x0000000008003dd4                memcpy
 .text.memset   0x0000000008003dea       0x10 d:/st/stm32cubeide_1.0.2/stm32cubeide/plugins/com.st.stm32cube.ide.mcu.externaltools.gnu-tools-for-stm32.7-2018-q2-update.win32_1.0.0.201904181610/tools/bin/../lib/gcc/arm-none-eabi/7.3.1/../../../../arm-none-eabi/lib/thumb/v7-m\libc_nano.a(lib_a-memset.o)
                0x0000000008003dea                memset
 .text.__sfputc_r
                0x0000000008003dfa       0x2a d:/st/stm32cubeide_1.0.2/stm32cubeide/plugins/com.st.stm32cube.ide.mcu.externaltools.gnu-tools-for-stm32.7-2018-q2-update.win32_1.0.0.201904181610/tools/bin/../lib/gcc/arm-none-eabi/7.3.1/../../../../arm-none-eabi/lib/thumb/v7-m\libc_nano.a(lib_a-nano-vfprintf.o)
 .text.__sfputs_r
                0x0000000008003e24       0x24 d:/st/stm32cubeide_1.0.2/stm32cubeide/plugins/com.st.stm32cube.ide.mcu.externaltools.gnu-tools-for-stm32.7-2018-q2-update.win32_1.0.0.201904181610/tools/bin/../lib/gcc/arm-none-eabi/7.3.1/../../../../arm-none-eabi/lib/thumb/v7-m\libc_nano.a(lib_a-nano-vfprintf.o)
                0x0000000008003e24                __sfputs_r
 .text._vfprintf_r
                0x0000000008003e48      0x22c d:/st/stm32cubeide_1.0.2/stm32cubeide/plugins/com.st.stm32cube.ide.mcu.externaltools.gnu-tools-for-stm32.7-2018-q2-update.win32_1.0.0.201904181610/tools/bin/../lib/gcc/arm-none-eabi/7.3.1/../../../../arm-none-eabi/lib/thumb/v7-m\libc_nano.a(lib_a-nano-vfprintf.o)
                0x0000000008003e48                _vfprintf_r
                0x0000000008003e48                _vfiprintf_r
 .text._printf_common
                0x0000000008004074       0xec d:/st/stm32cubeide_1.0.2/stm32cubeide/plugins/com.st.stm32cube.ide.mcu.externaltools.gnu-tools-for-stm32.7-2018-q2-update.win32_1.0.0.201904181610/tools/bin/../lib/gcc/arm-none-eabi/7.3.1/../../../../arm-none-eabi/lib/thumb/v7-m\libc_nano.a(lib_a-nano-vfprintf_i.o)
                0x0000000008004074                _printf_common
 .text._printf_i
                0x0000000008004160      0x224 d:/st/stm32cubeide_1.0.2/stm32cubeide/plugins/com.st.stm32cube.ide.mcu.externaltools.gnu-tools-for-stm32.7-2018-q2-update.win32_1.0.0.201904181610/tools/bin/../lib/gcc/arm-none-eabi/7.3.1/../../../../arm-none-eabi/lib/thumb/v7-m\libc_nano.a(lib_a-nano-vfprintf_i.o)
                0x0000000008004160                _printf_i
 .text.__swbuf_r
                0x0000000008004384       0xa4 d:/st/stm32cubeide_1.0.2/stm32cubeide/plugins/com.st.stm32cube.ide.mcu.externaltools.gnu-tools-for-stm32.7-2018-q2-update.win32_1.0.0.201904181610/tools/bin/../lib/gcc/arm-none-eabi/7.3.1/../../../../arm-none-eabi/lib/thumb/v7-m\libc_nano.a(lib_a-wbuf.o)
                0x0000000008004384                __swbuf_r
 .text.__swsetup_r
                0x0000000008004428       0xdc d:/st/stm32cubeide_1.0.2/stm32cubeide/plugins/com.st.stm32cube.ide.mcu.externaltools.gnu-tools-for-stm32.7-2018-q2-update.win32_1.0.0.201904181610/tools/bin/../lib/gcc/arm-none-eabi/7.3.1/../../../../arm-none-eabi/lib/thumb/v7-m\libc_nano.a(lib_a-wsetup.o)
                0x0000000008004428                __swsetup_r
 .text.abort    0x0000000008004504        0xe d:/st/stm32cubeide_1.0.2/stm32cubeide/plugins/com.st.stm32cube.ide.mcu.externaltools.gnu-tools-for-stm32.7-2018-q2-update.win32_1.0.0.201904181610/tools/bin/../lib/gcc/arm-none-eabi/7.3.1/../../../../arm-none-eabi/lib/thumb/v7-m\libc_nano.a(lib_a-abort.o)
                0x0000000008004504                abort
 *fill*         0x0000000008004512        0x2 
 .text.__sflush_r
                0x0000000008004514      0x10c d:/st/stm32cubeide_1.0.2/stm32cubeide/plugins/com.st.stm32cube.ide.mcu.externaltools.gnu-tools-for-stm32.7-2018-q2-update.win32_1.0.0.201904181610/tools/bin/../lib/gcc/arm-none-eabi/7.3.1/../../../../arm-none-eabi/lib/thumb/v7-m\libc_nano.a(lib_a-fflush.o)
                0x0000000008004514                __sflush_r
 .text._fflush_r
                0x0000000008004620       0x54 d:/st/stm32cubeide_1.0.2/stm32cubeide/plugins/com.st.stm32cube.ide.mcu.externaltools.gnu-tools-for-stm32.7-2018-q2-update.win32_1.0.0.201904181610/tools/bin/../lib/gcc/arm-none-eabi/7.3.1/../../../../arm-none-eabi/lib/thumb/v7-m\libc_nano.a(lib_a-fflush.o)
                0x0000000008004620                _fflush_r
 .text.std      0x0000000008004674       0x48 d:/st/stm32cubeide_1.0.2/stm32cubeide/plugins/com.st.stm32cube.ide.mcu.externaltools.gnu-tools-for-stm32.7-2018-q2-update.win32_1.0.0.201904181610/tools/bin/../lib/gcc/arm-none-eabi/7.3.1/../../../../arm-none-eabi/lib/thumb/v7-m\libc_nano.a(lib_a-findfp.o)
 .text._cleanup_r
                0x00000000080046bc        0xc d:/st/stm32cubeide_1.0.2/stm32cubeide/plugins/com.st.stm32cube.ide.mcu.externaltools.gnu-tools-for-stm32.7-2018-q2-update.win32_1.0.0.201904181610/tools/bin/../lib/gcc/arm-none-eabi/7.3.1/../../../../arm-none-eabi/lib/thumb/v7-m\libc_nano.a(lib_a-findfp.o)
                0x00000000080046bc                _cleanup_r
 .text.__sfmoreglue
                0x00000000080046c8       0x2c d:/st/stm32cubeide_1.0.2/stm32cubeide/plugins/com.st.stm32cube.ide.mcu.externaltools.gnu-tools-for-stm32.7-2018-q2-update.win32_1.0.0.201904181610/tools/bin/../lib/gcc/arm-none-eabi/7.3.1/../../../../arm-none-eabi/lib/thumb/v7-m\libc_nano.a(lib_a-findfp.o)
                0x00000000080046c8                __sfmoreglue
 .text.__sinit  0x00000000080046f4       0x60 d:/st/stm32cubeide_1.0.2/stm32cubeide/plugins/com.st.stm32cube.ide.mcu.externaltools.gnu-tools-for-stm32.7-2018-q2-update.win32_1.0.0.201904181610/tools/bin/../lib/gcc/arm-none-eabi/7.3.1/../../../../arm-none-eabi/lib/thumb/v7-m\libc_nano.a(lib_a-findfp.o)
                0x00000000080046f4                __sinit
 .text.__sfp    0x0000000008004754       0x78 d:/st/stm32cubeide_1.0.2/stm32cubeide/plugins/com.st.stm32cube.ide.mcu.externaltools.gnu-tools-for-stm32.7-2018-q2-update.win32_1.0.0.201904181610/tools/bin/../lib/gcc/arm-none-eabi/7.3.1/../../../../arm-none-eabi/lib/thumb/v7-m\libc_nano.a(lib_a-findfp.o)
                0x0000000008004754                __sfp
 .text._fwalk_reent
                0x00000000080047cc       0x3c d:/st/stm32cubeide_1.0.2/stm32cubeide/plugins/com.st.stm32cube.ide.mcu.externaltools.gnu-tools-for-stm32.7-2018-q2-update.win32_1.0.0.201904181610/tools/bin/../lib/gcc/arm-none-eabi/7.3.1/../../../../arm-none-eabi/lib/thumb/v7-m\libc_nano.a(lib_a-fwalk.o)
                0x00000000080047cc                _fwalk_reent
 .text.__swhatbuf_r
                0x0000000008004808       0x48 d:/st/stm32cubeide_1.0.2/stm32cubeide/plugins/com.st.stm32cube.ide.mcu.externaltools.gnu-tools-for-stm32.7-2018-q2-update.win32_1.0.0.201904181610/tools/bin/../lib/gcc/arm-none-eabi/7.3.1/../../../../arm-none-eabi/lib/thumb/v7-m\libc_nano.a(lib_a-makebuf.o)
                0x0000000008004808                __swhatbuf_r
 .text.__smakebuf_r
                0x0000000008004850       0x80 d:/st/stm32cubeide_1.0.2/stm32cubeide/plugins/com.st.stm32cube.ide.mcu.externaltools.gnu-tools-for-stm32.7-2018-q2-update.win32_1.0.0.201904181610/tools/bin/../lib/gcc/arm-none-eabi/7.3.1/../../../../arm-none-eabi/lib/thumb/v7-m\libc_nano.a(lib_a-makebuf.o)
                0x0000000008004850                __smakebuf_r
 .text.memchr   0x00000000080048d0       0x1c d:/st/stm32cubeide_1.0.2/stm32cubeide/plugins/com.st.stm32cube.ide.mcu.externaltools.gnu-tools-for-stm32.7-2018-q2-update.win32_1.0.0.201904181610/tools/bin/../lib/gcc/arm-none-eabi/7.3.1/../../../../arm-none-eabi/lib/thumb/v7-m\libc_nano.a(lib_a-memchr-stub.o)
                0x00000000080048d0                memchr
 .text._free_r  0x00000000080048ec       0x98 d:/st/stm32cubeide_1.0.2/stm32cubeide/plugins/com.st.stm32cube.ide.mcu.externaltools.gnu-tools-for-stm32.7-2018-q2-update.win32_1.0.0.201904181610/tools/bin/../lib/gcc/arm-none-eabi/7.3.1/../../../../arm-none-eabi/lib/thumb/v7-m\libc_nano.a(lib_a-nano-freer.o)
                0x00000000080048ec                _free_r
 .text._malloc_r
                0x0000000008004984       0xb4 d:/st/stm32cubeide_1.0.2/stm32cubeide/plugins/com.st.stm32cube.ide.mcu.externaltools.gnu-tools-for-stm32.7-2018-q2-update.win32_1.0.0.201904181610/tools/bin/../lib/gcc/arm-none-eabi/7.3.1/../../../../arm-none-eabi/lib/thumb/v7-m\libc_nano.a(lib_a-nano-mallocr.o)
                0x0000000008004984                _malloc_r
 .text._sbrk_r  0x0000000008004a38       0x20 d:/st/stm32cubeide_1.0.2/stm32cubeide/plugins/com.st.stm32cube.ide.mcu.externaltools.gnu-tools-for-stm32.7-2018-q2-update.win32_1.0.0.201904181610/tools/bin/../lib/gcc/arm-none-eabi/7.3.1/../../../../arm-none-eabi/lib/thumb/v7-m\libc_nano.a(lib_a-sbrkr.o)
                0x0000000008004a38                _sbrk_r
 .text._raise_r
                0x0000000008004a58       0x50 d:/st/stm32cubeide_1.0.2/stm32cubeide/plugins/com.st.stm32cube.ide.mcu.externaltools.gnu-tools-for-stm32.7-2018-q2-update.win32_1.0.0.201904181610/tools/bin/../lib/gcc/arm-none-eabi/7.3.1/../../../../arm-none-eabi/lib/thumb/v7-m\libc_nano.a(lib_a-signal.o)
                0x0000000008004a58                _raise_r
 .text.raise    0x0000000008004aa8       0x10 d:/st/stm32cubeide_1.0.2/stm32cubeide/plugins/com.st.stm32cube.ide.mcu.externaltools.gnu-tools-for-stm32.7-2018-q2-update.win32_1.0.0.201904181610/tools/bin/../lib/gcc/arm-none-eabi/7.3.1/../../../../arm-none-eabi/lib/thumb/v7-m\libc_nano.a(lib_a-signal.o)
                0x0000000008004aa8                raise
 .text._kill_r  0x0000000008004ab8       0x24 d:/st/stm32cubeide_1.0.2/stm32cubeide/plugins/com.st.stm32cube.ide.mcu.externaltools.gnu-tools-for-stm32.7-2018-q2-update.win32_1.0.0.201904181610/tools/bin/../lib/gcc/arm-none-eabi/7.3.1/../../../../arm-none-eabi/lib/thumb/v7-m\libc_nano.a(lib_a-signalr.o)
                0x0000000008004ab8                _kill_r
 .text._getpid_r
                0x0000000008004adc        0x4 d:/st/stm32cubeide_1.0.2/stm32cubeide/plugins/com.st.stm32cube.ide.mcu.externaltools.gnu-tools-for-stm32.7-2018-q2-update.win32_1.0.0.201904181610/tools/bin/../lib/gcc/arm-none-eabi/7.3.1/../../../../arm-none-eabi/lib/thumb/v7-m\libc_nano.a(lib_a-signalr.o)
                0x0000000008004adc                _getpid_r
 .text.__sread  0x0000000008004ae0       0x22 d:/st/stm32cubeide_1.0.2/stm32cubeide/plugins/com.st.stm32cube.ide.mcu.externaltools.gnu-tools-for-stm32.7-2018-q2-update.win32_1.0.0.201904181610/tools/bin/../lib/gcc/arm-none-eabi/7.3.1/../../../../arm-none-eabi/lib/thumb/v7-m\libc_nano.a(lib_a-stdio.o)
                0x0000000008004ae0                __sread
 .text.__swrite
                0x0000000008004b02       0x38 d:/st/stm32cubeide_1.0.2/stm32cubeide/plugins/com.st.stm32cube.ide.mcu.externaltools.gnu-tools-for-stm32.7-2018-q2-update.win32_1.0.0.201904181610/tools/bin/../lib/gcc/arm-none-eabi/7.3.1/../../../../arm-none-eabi/lib/thumb/v7-m\libc_nano.a(lib_a-stdio.o)
                0x0000000008004b02                __swrite
 .text.__sseek  0x0000000008004b3a       0x24 d:/st/stm32cubeide_1.0.2/stm32cubeide/plugins/com.st.stm32cube.ide.mcu.externaltools.gnu-tools-for-stm32.7-2018-q2-update.win32_1.0.0.201904181610/tools/bin/../lib/gcc/arm-none-eabi/7.3.1/../../../../arm-none-eabi/lib/thumb/v7-m\libc_nano.a(lib_a-stdio.o)
                0x0000000008004b3a                __sseek
 .text.__sclose
                0x0000000008004b5e        0x8 d:/st/stm32cubeide_1.0.2/stm32cubeide/plugins/com.st.stm32cube.ide.mcu.externaltools.gnu-tools-for-stm32.7-2018-q2-update.win32_1.0.0.201904181610/tools/bin/../lib/gcc/arm-none-eabi/7.3.1/../../../../arm-none-eabi/lib/thumb/v7-m\libc_nano.a(lib_a-stdio.o)
                0x0000000008004b5e                __sclose
 *fill*         0x0000000008004b66        0x2 
 .text._write_r
                0x0000000008004b68       0x24 d:/st/stm32cubeide_1.0.2/stm32cubeide/plugins/com.st.stm32cube.ide.mcu.externaltools.gnu-tools-for-stm32.7-2018-q2-update.win32_1.0.0.201904181610/tools/bin/../lib/gcc/arm-none-eabi/7.3.1/../../../../arm-none-eabi/lib/thumb/v7-m\libc_nano.a(lib_a-writer.o)
                0x0000000008004b68                _write_r
 .text._close_r
                0x0000000008004b8c       0x20 d:/st/stm32cubeide_1.0.2/stm32cubeide/plugins/com.st.stm32cube.ide.mcu.externaltools.gnu-tools-for-stm32.7-2018-q2-update.win32_1.0.0.201904181610/tools/bin/../lib/gcc/arm-none-eabi/7.3.1/../../../../arm-none-eabi/lib/thumb/v7-m\libc_nano.a(lib_a-closer.o)
                0x0000000008004b8c                _close_r
 .text._fstat_r
                0x0000000008004bac       0x24 d:/st/stm32cubeide_1.0.2/stm32cubeide/plugins/com.st.stm32cube.ide.mcu.externaltools.gnu-tools-for-stm32.7-2018-q2-update.win32_1.0.0.201904181610/tools/bin/../lib/gcc/arm-none-eabi/7.3.1/../../../../arm-none-eabi/lib/thumb/v7-m\libc_nano.a(lib_a-fstatr.o)
                0x0000000008004bac                _fstat_r
 .text._isatty_r
                0x0000000008004bd0       0x20 d:/st/stm32cubeide_1.0.2/stm32cubeide/plugins/com.st.stm32cube.ide.mcu.externaltools.gnu-tools-for-stm32.7-2018-q2-update.win32_1.0.0.201904181610/tools/bin/../lib/gcc/arm-none-eabi/7.3.1/../../../../arm-none-eabi/lib/thumb/v7-m\libc_nano.a(lib_a-isattyr.o)
                0x0000000008004bd0                _isatty_r
 .text._lseek_r
                0x0000000008004bf0       0x24 d:/st/stm32cubeide_1.0.2/stm32cubeide/plugins/com.st.stm32cube.ide.mcu.externaltools.gnu-tools-for-stm32.7-2018-q2-update.win32_1.0.0.201904181610/tools/bin/../lib/gcc/arm-none-eabi/7.3.1/../../../../arm-none-eabi/lib/thumb/v7-m\libc_nano.a(lib_a-lseekr.o)
                0x0000000008004bf0                _lseek_r
 .text.__malloc_lock
                0x0000000008004c14        0x2 d:/st/stm32cubeide_1.0.2/stm32cubeide/plugins/com.st.stm32cube.ide.mcu.externaltools.gnu-tools-for-stm32.7-2018-q2-update.win32_1.0.0.201904181610/tools/bin/../lib/gcc/arm-none-eabi/7.3.1/../../../../arm-none-eabi/lib/thumb/v7-m\libc_nano.a(lib_a-mlock.o)
                0x0000000008004c14                __malloc_lock
 .text.__malloc_unlock
                0x0000000008004c16        0x2 d:/st/stm32cubeide_1.0.2/stm32cubeide/plugins/com.st.stm32cube.ide.mcu.externaltools.gnu-tools-for-stm32.7-2018-q2-update.win32_1.0.0.201904181610/tools/bin/../lib/gcc/arm-none-eabi/7.3.1/../../../../arm-none-eabi/lib/thumb/v7-m\libc_nano.a(lib_a-mlock.o)
                0x0000000008004c16                __malloc_unlock
 .text._read_r  0x0000000008004c18       0x24 d:/st/stm32cubeide_1.0.2/stm32cubeide/plugins/com.st.stm32cube.ide.mcu.externaltools.gnu-tools-for-stm32.7-2018-q2-update.win32_1.0.0.201904181610/tools/bin/../lib/gcc/arm-none-eabi/7.3.1/../../../../arm-none-eabi/lib/thumb/v7-m\libc_nano.a(lib_a-readr.o)
                0x0000000008004c18                _read_r
 *(.glue_7)
 .glue_7        0x0000000008004c3c        0x0 linker stubs
 *(.glue_7t)
 .glue_7t       0x0000000008004c3c        0x0 linker stubs
 *(.eh_frame)
 .eh_frame      0x0000000008004c3c        0x0 d:/st/stm32cubeide_1.0.2/stm32cubeide/plugins/com.st.stm32cube.ide.mcu.externaltools.gnu-tools-for-stm32.7-2018-q2-update.win32_1.0.0.201904181610/tools/bin/../lib/gcc/arm-none-eabi/7.3.1/thumb/v7-m/crtbegin.o
 *(.init)
 .init          0x0000000008004c3c        0x4 d:/st/stm32cubeide_1.0.2/stm32cubeide/plugins/com.st.stm32cube.ide.mcu.externaltools.gnu-tools-for-stm32.7-2018-q2-update.win32_1.0.0.201904181610/tools/bin/../lib/gcc/arm-none-eabi/7.3.1/thumb/v7-m/crti.o
                0x0000000008004c3c                _init
 .init          0x0000000008004c40        0x8 d:/st/stm32cubeide_1.0.2/stm32cubeide/plugins/com.st.stm32cube.ide.mcu.externaltools.gnu-tools-for-stm32.7-2018-q2-update.win32_1.0.0.201904181610/tools/bin/../lib/gcc/arm-none-eabi/7.3.1/thumb/v7-m/crtn.o
 *(.fini)
 .fini          0x0000000008004c48        0x4 d:/st/stm32cubeide_1.0.2/stm32cubeide/plugins/com.st.stm32cube.ide.mcu.externaltools.gnu-tools-for-stm32.7-2018-q2-update.win32_1.0.0.201904181610/tools/bin/../lib/gcc/arm-none-eabi/7.3.1/thumb/v7-m/crti.o
                0x0000000008004c48                _fini
 .fini          0x0000000008004c4c        0x8 d:/st/stm32cubeide_1.0.2/stm32cubeide/plugins/com.st.stm32cube.ide.mcu.externaltools.gnu-tools-for-stm32.7-2018-q2-update.win32_1.0.0.201904181610/tools/bin/../lib/gcc/arm-none-eabi/7.3.1/thumb/v7-m/crtn.o
                0x0000000008004c54                . = ALIGN (0x4)
                0x0000000008004c54                _etext = .

.vfp11_veneer   0x0000000008004c54        0x0
 .vfp11_veneer  0x0000000008004c54        0x0 linker stubs

.v4_bx          0x0000000008004c54        0x0
 .v4_bx         0x0000000008004c54        0x0 linker stubs

.iplt           0x0000000008004c54        0x0
 .iplt          0x0000000008004c54        0x0 d:/st/stm32cubeide_1.0.2/stm32cubeide/plugins/com.st.stm32cube.ide.mcu.externaltools.gnu-tools-for-stm32.7-2018-q2-update.win32_1.0.0.201904181610/tools/bin/../lib/gcc/arm-none-eabi/7.3.1/thumb/v7-m/crtbegin.o

.rodata         0x0000000008004c54      0x56c
                0x0000000008004c54                . = ALIGN (0x4)
 *(.rodata)
 .rodata        0x0000000008004c54       0x20 Drivers/STM32F1xx_HAL_Driver/Src/stm32f1xx_hal_rcc.o
 .rodata        0x0000000008004c74       0xca Drivers/modbus/ascii/mbascii.o
 *fill*         0x0000000008004d3e        0x2 
 .rodata        0x0000000008004d40       0xe3 Drivers/modbus/rtu/mbrtu.o
 *(.rodata*)
 *fill*         0x0000000008004e23        0x1 
 .rodata.__func__.5277
                0x0000000008004e24       0x10 Drivers/modbus/ascii/mbascii.o
 .rodata.__func__.5291
                0x0000000008004e34       0x13 Drivers/modbus/ascii/mbascii.o
 *fill*         0x0000000008004e47        0x1 
 .rodata.__func__.5304
                0x0000000008004e48       0x14 Drivers/modbus/ascii/mbascii.o
 .rodata.__func__.5321
                0x0000000008004e5c       0x18 Drivers/modbus/ascii/mbascii.o
 .rodata.__func__.5328
                0x0000000008004e74       0x10 Drivers/modbus/ascii/mbascii.o
 .rodata.aucCRCHi
                0x0000000008004e84      0x100 Drivers/modbus/rtu/mbcrc.o
 .rodata.aucCRCLo
                0x0000000008004f84      0x100 Drivers/modbus/rtu/mbcrc.o
 .rodata.__func__.5264
                0x0000000008005084        0xe Drivers/modbus/rtu/mbrtu.o
 *fill*         0x0000000008005092        0x2 
 .rodata.__func__.5277
                0x0000000008005094       0x11 Drivers/modbus/rtu/mbrtu.o
 *fill*         0x00000000080050a5        0x3 
 .rodata.__func__.5287
                0x00000000080050a8       0x12 Drivers/modbus/rtu/mbrtu.o
 *fill*         0x00000000080050ba        0x2 
 .rodata.__func__.5300
                0x00000000080050bc       0x16 Drivers/modbus/rtu/mbrtu.o
 *fill*         0x00000000080050d2        0x2 
 .rodata.AHBPrescTable
                0x00000000080050d4       0x10 Src/system_stm32f1xx.o
                0x00000000080050d4                AHBPrescTable
 .rodata.APBPrescTable
                0x00000000080050e4        0x8 Src/system_stm32f1xx.o
                0x00000000080050e4                APBPrescTable
 .rodata.__assert_func.str1.1
                0x00000000080050ec       0x3c d:/st/stm32cubeide_1.0.2/stm32cubeide/plugins/com.st.stm32cube.ide.mcu.externaltools.gnu-tools-for-stm32.7-2018-q2-update.win32_1.0.0.201904181610/tools/bin/../lib/gcc/arm-none-eabi/7.3.1/../../../../arm-none-eabi/lib/thumb/v7-m\libc_nano.a(lib_a-assert.o)
                                         0x3d (size before relaxing)
 .rodata._global_impure_ptr
                0x0000000008005128        0x4 d:/st/stm32cubeide_1.0.2/stm32cubeide/plugins/com.st.stm32cube.ide.mcu.externaltools.gnu-tools-for-stm32.7-2018-q2-update.win32_1.0.0.201904181610/tools/bin/../lib/gcc/arm-none-eabi/7.3.1/../../../../arm-none-eabi/lib/thumb/v7-m\libc_nano.a(lib_a-impure.o)
                0x0000000008005128                _global_impure_ptr
 .rodata._vfprintf_r.str1.1
                0x000000000800512c       0x11 d:/st/stm32cubeide_1.0.2/stm32cubeide/plugins/com.st.stm32cube.ide.mcu.externaltools.gnu-tools-for-stm32.7-2018-q2-update.win32_1.0.0.201904181610/tools/bin/../lib/gcc/arm-none-eabi/7.3.1/../../../../arm-none-eabi/lib/thumb/v7-m\libc_nano.a(lib_a-nano-vfprintf.o)
 .rodata._printf_i.str1.1
                0x000000000800513d       0x22 d:/st/stm32cubeide_1.0.2/stm32cubeide/plugins/com.st.stm32cube.ide.mcu.externaltools.gnu-tools-for-stm32.7-2018-q2-update.win32_1.0.0.201904181610/tools/bin/../lib/gcc/arm-none-eabi/7.3.1/../../../../arm-none-eabi/lib/thumb/v7-m\libc_nano.a(lib_a-nano-vfprintf_i.o)
 *fill*         0x000000000800515f        0x1 
 .rodata.__sf_fake_stderr
                0x0000000008005160       0x20 d:/st/stm32cubeide_1.0.2/stm32cubeide/plugins/com.st.stm32cube.ide.mcu.externaltools.gnu-tools-for-stm32.7-2018-q2-update.win32_1.0.0.201904181610/tools/bin/../lib/gcc/arm-none-eabi/7.3.1/../../../../arm-none-eabi/lib/thumb/v7-m\libc_nano.a(lib_a-findfp.o)
                0x0000000008005160                __sf_fake_stderr
 .rodata.__sf_fake_stdin
                0x0000000008005180       0x20 d:/st/stm32cubeide_1.0.2/stm32cubeide/plugins/com.st.stm32cube.ide.mcu.externaltools.gnu-tools-for-stm32.7-2018-q2-update.win32_1.0.0.201904181610/tools/bin/../lib/gcc/arm-none-eabi/7.3.1/../../../../arm-none-eabi/lib/thumb/v7-m\libc_nano.a(lib_a-findfp.o)
                0x0000000008005180                __sf_fake_stdin
 .rodata.__sf_fake_stdout
                0x00000000080051a0       0x20 d:/st/stm32cubeide_1.0.2/stm32cubeide/plugins/com.st.stm32cube.ide.mcu.externaltools.gnu-tools-for-stm32.7-2018-q2-update.win32_1.0.0.201904181610/tools/bin/../lib/gcc/arm-none-eabi/7.3.1/../../../../arm-none-eabi/lib/thumb/v7-m\libc_nano.a(lib_a-findfp.o)
                0x00000000080051a0                __sf_fake_stdout
                0x00000000080051c0                . = ALIGN (0x4)

.rel.dyn        0x00000000080051c0        0x0
 .rel.iplt      0x00000000080051c0        0x0 d:/st/stm32cubeide_1.0.2/stm32cubeide/plugins/com.st.stm32cube.ide.mcu.externaltools.gnu-tools-for-stm32.7-2018-q2-update.win32_1.0.0.201904181610/tools/bin/../lib/gcc/arm-none-eabi/7.3.1/thumb/v7-m/crtbegin.o

.ARM.extab      0x00000000080051c0        0x0
                0x00000000080051c0                . = ALIGN (0x4)
 *(.ARM.extab* .gnu.linkonce.armextab.*)
                0x00000000080051c0                . = ALIGN (0x4)

.ARM            0x00000000080051c0        0x0
                0x00000000080051c0                . = ALIGN (0x4)
                0x00000000080051c0                __exidx_start = .
 *(.ARM.exidx*)
                0x00000000080051c0                __exidx_end = .
                0x00000000080051c0                . = ALIGN (0x4)

.preinit_array  0x00000000080051c0        0x0
                0x00000000080051c0                . = ALIGN (0x4)
                0x00000000080051c0                PROVIDE (__preinit_array_start = .)
 *(.preinit_array*)
                0x00000000080051c0                PROVIDE (__preinit_array_end = .)
                0x00000000080051c0                . = ALIGN (0x4)

.init_array     0x00000000080051c0        0x4
                0x00000000080051c0                . = ALIGN (0x4)
                0x00000000080051c0                PROVIDE (__init_array_start = .)
 *(SORT_BY_NAME(.init_array.*))
 *(.init_array*)
 .init_array    0x00000000080051c0        0x4 d:/st/stm32cubeide_1.0.2/stm32cubeide/plugins/com.st.stm32cube.ide.mcu.externaltools.gnu-tools-for-stm32.7-2018-q2-update.win32_1.0.0.201904181610/tools/bin/../lib/gcc/arm-none-eabi/7.3.1/thumb/v7-m/crtbegin.o
                0x00000000080051c4                PROVIDE (__init_array_end = .)
                0x00000000080051c4                . = ALIGN (0x4)

.fini_array     0x00000000080051c4        0x4
                0x00000000080051c4                . = ALIGN (0x4)
                [!provide]                        PROVIDE (__fini_array_start = .)
 *(SORT_BY_NAME(.fini_array.*))
 *(.fini_array*)
 .fini_array    0x00000000080051c4        0x4 d:/st/stm32cubeide_1.0.2/stm32cubeide/plugins/com.st.stm32cube.ide.mcu.externaltools.gnu-tools-for-stm32.7-2018-q2-update.win32_1.0.0.201904181610/tools/bin/../lib/gcc/arm-none-eabi/7.3.1/thumb/v7-m/crtbegin.o
                [!provide]                        PROVIDE (__fini_array_end = .)
                0x00000000080051c8                . = ALIGN (0x4)
                0x00000000080051c8                _sidata = LOADADDR (.data)

.data           0x0000000020000000       0xfc load address 0x00000000080051c8
                0x0000000020000000                . = ALIGN (0x4)
                0x0000000020000000                _sdata = .
 *(.data)
 *(.data*)
 .data.uwTickPrio
                0x0000000020000000        0x4 Drivers/STM32F1xx_HAL_Driver/Src/stm32f1xx_hal.o
                0x0000000020000000                uwTickPrio
 .data.uwTickFreq
                0x0000000020000004        0x1 Drivers/STM32F1xx_HAL_Driver/Src/stm32f1xx_hal.o
                0x0000000020000004                uwTickFreq
 *fill*         0x0000000020000005        0x3 
 .data.ucASCIIBuf
                0x0000000020000008        0x4 Drivers/modbus/ascii/mbascii.o
 .data.eMBState
                0x000000002000000c        0x1 Drivers/modbus/mb.o
 *fill*         0x000000002000000d        0x3 
 .data.xFuncHandlers
                0x0000000020000010       0x80 Drivers/modbus/mb.o
 .data.usRegInputStart
                0x0000000020000090        0x2 Src/main.o
 .data.usRegHoldingStart
                0x0000000020000092        0x2 Src/main.o
 .data.SystemCoreClock
                0x0000000020000094        0x4 Src/system_stm32f1xx.o
                0x0000000020000094                SystemCoreClock
 .data._impure_ptr
                0x0000000020000098        0x4 d:/st/stm32cubeide_1.0.2/stm32cubeide/plugins/com.st.stm32cube.ide.mcu.externaltools.gnu-tools-for-stm32.7-2018-q2-update.win32_1.0.0.201904181610/tools/bin/../lib/gcc/arm-none-eabi/7.3.1/../../../../arm-none-eabi/lib/thumb/v7-m\libc_nano.a(lib_a-impure.o)
                0x0000000020000098                _impure_ptr
 .data.impure_data
                0x000000002000009c       0x60 d:/st/stm32cubeide_1.0.2/stm32cubeide/plugins/com.st.stm32cube.ide.mcu.externaltools.gnu-tools-for-stm32.7-2018-q2-update.win32_1.0.0.201904181610/tools/bin/../lib/gcc/arm-none-eabi/7.3.1/../../../../arm-none-eabi/lib/thumb/v7-m\libc_nano.a(lib_a-impure.o)
                0x00000000200000fc                . = ALIGN (0x4)
                0x00000000200000fc                _edata = .

.igot.plt       0x00000000200000fc        0x0 load address 0x00000000080052c4
 .igot.plt      0x00000000200000fc        0x0 d:/st/stm32cubeide_1.0.2/stm32cubeide/plugins/com.st.stm32cube.ide.mcu.externaltools.gnu-tools-for-stm32.7-2018-q2-update.win32_1.0.0.201904181610/tools/bin/../lib/gcc/arm-none-eabi/7.3.1/thumb/v7-m/crtbegin.o
                0x00000000200000fc                . = ALIGN (0x4)

.bss            0x00000000200000fc      0x27c load address 0x00000000080052c4
                0x00000000200000fc                _sbss = .
                0x00000000200000fc                __bss_start__ = _sbss
 *(.bss)
 .bss           0x00000000200000fc       0x1c d:/st/stm32cubeide_1.0.2/stm32cubeide/plugins/com.st.stm32cube.ide.mcu.externaltools.gnu-tools-for-stm32.7-2018-q2-update.win32_1.0.0.201904181610/tools/bin/../lib/gcc/arm-none-eabi/7.3.1/thumb/v7-m/crtbegin.o
 *(.bss*)
 .bss.eSndState
                0x0000000020000118        0x1 Drivers/modbus/ascii/mbascii.o
 .bss.eRcvState
                0x0000000020000119        0x1 Drivers/modbus/ascii/mbascii.o
 .bss.usRcvBufferPos
                0x000000002000011a        0x2 Drivers/modbus/ascii/mbascii.o
 .bss.eBytePos  0x000000002000011c        0x1 Drivers/modbus/ascii/mbascii.o
 *fill*         0x000000002000011d        0x3 
 .bss.pucSndBufferCur
                0x0000000020000120        0x4 Drivers/modbus/ascii/mbascii.o
 .bss.usSndBufferCount
                0x0000000020000124        0x2 Drivers/modbus/ascii/mbascii.o
 .bss.ucMBLFCharacter
                0x0000000020000126        0x1 Drivers/modbus/ascii/mbascii.o
 *fill*         0x0000000020000127        0x1 
 .bss.ucMBSlaveID
                0x0000000020000128       0x20 Drivers/modbus/functions/mbfuncother.o
 .bss.usMBSlaveIDLen
                0x0000000020000148        0x2 Drivers/modbus/functions/mbfuncother.o
 .bss.ucMBAddress
                0x000000002000014a        0x1 Drivers/modbus/mb.o
 .bss.eMBCurrentMode
                0x000000002000014b        0x1 Drivers/modbus/mb.o
 .bss.peMBFrameSendCur
                0x000000002000014c        0x4 Drivers/modbus/mb.o
 .bss.pvMBFrameStartCur
                0x0000000020000150        0x4 Drivers/modbus/mb.o
 .bss.pvMBFrameStopCur
                0x0000000020000154        0x4 Drivers/modbus/mb.o
 .bss.peMBFrameReceiveCur
                0x0000000020000158        0x4 Drivers/modbus/mb.o
 .bss.pvMBFrameCloseCur
                0x000000002000015c        0x4 Drivers/modbus/mb.o
 .bss.ucRcvAddress.5340
                0x0000000020000160        0x1 Drivers/modbus/mb.o
 *fill*         0x0000000020000161        0x3 
 .bss.ucMBFrame.5339
                0x0000000020000164        0x4 Drivers/modbus/mb.o
 .bss.usLength.5342
                0x0000000020000168        0x2 Drivers/modbus/mb.o
 .bss.ucFunctionCode.5341
                0x000000002000016a        0x1 Drivers/modbus/mb.o
 .bss.eException.5343
                0x000000002000016b        0x1 Drivers/modbus/mb.o
 .bss.eQueuedEvent
                0x000000002000016c        0x1 Drivers/modbus/port/portevent.o
 .bss.xEventInQueue
                0x000000002000016d        0x1 Drivers/modbus/port/portevent.o
 .bss.timeout   0x000000002000016e        0x2 Drivers/modbus/port/porttimer.o
                0x000000002000016e                timeout
 .bss.counter   0x0000000020000170        0x2 Drivers/modbus/port/porttimer.o
                0x0000000020000170                counter
 .bss.eSndState
                0x0000000020000172        0x1 Drivers/modbus/rtu/mbrtu.o
 .bss.eRcvState
                0x0000000020000173        0x1 Drivers/modbus/rtu/mbrtu.o
 .bss.pucSndBufferCur
                0x0000000020000174        0x4 Drivers/modbus/rtu/mbrtu.o
 .bss.usSndBufferCount
                0x0000000020000178        0x2 Drivers/modbus/rtu/mbrtu.o
 .bss.usRcvBufferPos
                0x000000002000017a        0x2 Drivers/modbus/rtu/mbrtu.o
 .bss.usRegInputBuf
                0x000000002000017c        0x8 Src/main.o
 .bss.usRegHoldingBuf
                0x0000000020000184        0x8 Src/main.o
 .bss.lock_nesting_count
                0x000000002000018c        0x4 Src/main.o
 .bss.heap_end.5149
                0x0000000020000190        0x4 Src/sysmem.o
 .bss.__malloc_free_list
                0x0000000020000194        0x4 d:/st/stm32cubeide_1.0.2/stm32cubeide/plugins/com.st.stm32cube.ide.mcu.externaltools.gnu-tools-for-stm32.7-2018-q2-update.win32_1.0.0.201904181610/tools/bin/../lib/gcc/arm-none-eabi/7.3.1/../../../../arm-none-eabi/lib/thumb/v7-m\libc_nano.a(lib_a-nano-mallocr.o)
                0x0000000020000194                __malloc_free_list
 .bss.__malloc_sbrk_start
                0x0000000020000198        0x4 d:/st/stm32cubeide_1.0.2/stm32cubeide/plugins/com.st.stm32cube.ide.mcu.externaltools.gnu-tools-for-stm32.7-2018-q2-update.win32_1.0.0.201904181610/tools/bin/../lib/gcc/arm-none-eabi/7.3.1/../../../../arm-none-eabi/lib/thumb/v7-m\libc_nano.a(lib_a-nano-mallocr.o)
                0x0000000020000198                __malloc_sbrk_start
 *(COMMON)
 COMMON         0x000000002000019c        0x4 Drivers/STM32F1xx_HAL_Driver/Src/stm32f1xx_hal.o
                0x000000002000019c                uwTick
 COMMON         0x00000000200001a0       0x14 Drivers/modbus/mb.o
                0x00000000200001a0                pxMBFrameCBTransmitterEmpty
                0x00000000200001a4                pxMBPortCBTimerExpired
                0x00000000200001a8                pxMBFrameCBByteReceived
                0x00000000200001ac                pxMBFrameCBTransmitFSMCur
                0x00000000200001b0                pxMBFrameCBReceiveFSMCur
 COMMON         0x00000000200001b4       0x40 Drivers/modbus/port/portserial.o
                0x00000000200001b4                huart_m
 COMMON         0x00000000200001f4      0x100 Drivers/modbus/rtu/mbrtu.o
                0x00000000200001f4                ucRTUBuf
 COMMON         0x00000000200002f4       0x80 Src/main.o
                0x00000000200002f4                htim6
                0x0000000020000334                huart2
 COMMON         0x0000000020000374        0x4 d:/st/stm32cubeide_1.0.2/stm32cubeide/plugins/com.st.stm32cube.ide.mcu.externaltools.gnu-tools-for-stm32.7-2018-q2-update.win32_1.0.0.201904181610/tools/bin/../lib/gcc/arm-none-eabi/7.3.1/../../../../arm-none-eabi/lib/thumb/v7-m\libc_nano.a(lib_a-reent.o)
                0x0000000020000374                errno
                0x0000000020000378                . = ALIGN (0x4)
                0x0000000020000378                _ebss = .
                0x0000000020000378                __bss_end__ = _ebss

._user_heap_stack
                0x0000000020000378      0x600 load address 0x00000000080052c4
                0x0000000020000378                . = ALIGN (0x8)
                0x0000000020000378                PROVIDE (end = .)
                [!provide]                        PROVIDE (_end = .)
                0x0000000020000578                . = (. + _Min_Heap_Size)
 *fill*         0x0000000020000378      0x200 
                0x0000000020000978                . = (. + _Min_Stack_Size)
 *fill*         0x0000000020000578      0x400 
                0x0000000020000978                . = ALIGN (0x8)

/DISCARD/
 libc.a(*)
 libm.a(*)
 libgcc.a(*)

.ARM.attributes
                0x0000000000000000       0x29
 *(.ARM.attributes)
 .ARM.attributes
                0x0000000000000000       0x1d d:/st/stm32cubeide_1.0.2/stm32cubeide/plugins/com.st.stm32cube.ide.mcu.externaltools.gnu-tools-for-stm32.7-2018-q2-update.win32_1.0.0.201904181610/tools/bin/../lib/gcc/arm-none-eabi/7.3.1/thumb/v7-m/crti.o
 .ARM.attributes
                0x000000000000001d       0x2d d:/st/stm32cubeide_1.0.2/stm32cubeide/plugins/com.st.stm32cube.ide.mcu.externaltools.gnu-tools-for-stm32.7-2018-q2-update.win32_1.0.0.201904181610/tools/bin/../lib/gcc/arm-none-eabi/7.3.1/thumb/v7-m/crtbegin.o
 .ARM.attributes
                0x000000000000004a       0x33 Drivers/STM32F1xx_HAL_Driver/Src/stm32f1xx_hal.o
 .ARM.attributes
                0x000000000000007d       0x33 Drivers/STM32F1xx_HAL_Driver/Src/stm32f1xx_hal_cortex.o
 .ARM.attributes
                0x00000000000000b0       0x33 Drivers/STM32F1xx_HAL_Driver/Src/stm32f1xx_hal_gpio.o
 .ARM.attributes
                0x00000000000000e3       0x33 Drivers/STM32F1xx_HAL_Driver/Src/stm32f1xx_hal_rcc.o
 .ARM.attributes
                0x0000000000000116       0x33 Drivers/STM32F1xx_HAL_Driver/Src/stm32f1xx_hal_tim.o
 .ARM.attributes
                0x0000000000000149       0x33 Drivers/STM32F1xx_HAL_Driver/Src/stm32f1xx_hal_tim_ex.o
 .ARM.attributes
                0x000000000000017c       0x33 Drivers/STM32F1xx_HAL_Driver/Src/stm32f1xx_hal_uart.o
 .ARM.attributes
                0x00000000000001af       0x33 Drivers/modbus/ascii/mbascii.o
 .ARM.attributes
                0x00000000000001e2       0x33 Drivers/modbus/functions/mbfunccoils.o
 .ARM.attributes
                0x0000000000000215       0x33 Drivers/modbus/functions/mbfuncdisc.o
 .ARM.attributes
                0x0000000000000248       0x33 Drivers/modbus/functions/mbfuncholding.o
 .ARM.attributes
                0x000000000000027b       0x33 Drivers/modbus/functions/mbfuncinput.o
 .ARM.attributes
                0x00000000000002ae       0x33 Drivers/modbus/functions/mbfuncother.o
 .ARM.attributes
                0x00000000000002e1       0x33 Drivers/modbus/functions/mbutils.o
 .ARM.attributes
                0x0000000000000314       0x33 Drivers/modbus/mb.o
 .ARM.attributes
                0x0000000000000347       0x33 Drivers/modbus/port/portevent.o
 .ARM.attributes
                0x000000000000037a       0x33 Drivers/modbus/port/portserial.o
 .ARM.attributes
                0x00000000000003ad       0x33 Drivers/modbus/port/porttimer.o
 .ARM.attributes
                0x00000000000003e0       0x33 Drivers/modbus/rtu/mbcrc.o
 .ARM.attributes
                0x0000000000000413       0x33 Drivers/modbus/rtu/mbrtu.o
 .ARM.attributes
                0x0000000000000446       0x33 Src/main.o
 .ARM.attributes
                0x0000000000000479       0x33 Src/stm32f1xx_hal_msp.o
 .ARM.attributes
                0x00000000000004ac       0x33 Src/stm32f1xx_it.o
 .ARM.attributes
                0x00000000000004df       0x33 Src/syscalls.o
 .ARM.attributes
                0x0000000000000512       0x33 Src/sysmem.o
 .ARM.attributes
                0x0000000000000545       0x33 Src/system_stm32f1xx.o
 .ARM.attributes
                0x0000000000000578       0x21 Startup/startup_stm32f100rbtx.o
 .ARM.attributes
                0x0000000000000599       0x2d d:/st/stm32cubeide_1.0.2/stm32cubeide/plugins/com.st.stm32cube.ide.mcu.externaltools.gnu-tools-for-stm32.7-2018-q2-update.win32_1.0.0.201904181610/tools/bin/../lib/gcc/arm-none-eabi/7.3.1/../../../../arm-none-eabi/lib/thumb/v7-m\libc_nano.a(lib_a-assert.o)
 .ARM.attributes
                0x00000000000005c6       0x2d d:/st/stm32cubeide_1.0.2/stm32cubeide/plugins/com.st.stm32cube.ide.mcu.externaltools.gnu-tools-for-stm32.7-2018-q2-update.win32_1.0.0.201904181610/tools/bin/../lib/gcc/arm-none-eabi/7.3.1/../../../../arm-none-eabi/lib/thumb/v7-m\libc_nano.a(lib_a-errno.o)
 .ARM.attributes
                0x00000000000005f3       0x2d d:/st/stm32cubeide_1.0.2/stm32cubeide/plugins/com.st.stm32cube.ide.mcu.externaltools.gnu-tools-for-stm32.7-2018-q2-update.win32_1.0.0.201904181610/tools/bin/../lib/gcc/arm-none-eabi/7.3.1/../../../../arm-none-eabi/lib/thumb/v7-m\libc_nano.a(lib_a-fprintf.o)
 .ARM.attributes
                0x0000000000000620       0x2d d:/st/stm32cubeide_1.0.2/stm32cubeide/plugins/com.st.stm32cube.ide.mcu.externaltools.gnu-tools-for-stm32.7-2018-q2-update.win32_1.0.0.201904181610/tools/bin/../lib/gcc/arm-none-eabi/7.3.1/../../../../arm-none-eabi/lib/thumb/v7-m\libc_nano.a(lib_a-impure.o)
 .ARM.attributes
                0x000000000000064d       0x2d d:/st/stm32cubeide_1.0.2/stm32cubeide/plugins/com.st.stm32cube.ide.mcu.externaltools.gnu-tools-for-stm32.7-2018-q2-update.win32_1.0.0.201904181610/tools/bin/../lib/gcc/arm-none-eabi/7.3.1/../../../../arm-none-eabi/lib/thumb/v7-m\libc_nano.a(lib_a-init.o)
 .ARM.attributes
                0x000000000000067a       0x2d d:/st/stm32cubeide_1.0.2/stm32cubeide/plugins/com.st.stm32cube.ide.mcu.externaltools.gnu-tools-for-stm32.7-2018-q2-update.win32_1.0.0.201904181610/tools/bin/../lib/gcc/arm-none-eabi/7.3.1/../../../../arm-none-eabi/lib/thumb/v7-m\libc_nano.a(lib_a-memcpy-stub.o)
 .ARM.attributes
                0x00000000000006a7       0x2d d:/st/stm32cubeide_1.0.2/stm32cubeide/plugins/com.st.stm32cube.ide.mcu.externaltools.gnu-tools-for-stm32.7-2018-q2-update.win32_1.0.0.201904181610/tools/bin/../lib/gcc/arm-none-eabi/7.3.1/../../../../arm-none-eabi/lib/thumb/v7-m\libc_nano.a(lib_a-memset.o)
 .ARM.attributes
                0x00000000000006d4       0x2d d:/st/stm32cubeide_1.0.2/stm32cubeide/plugins/com.st.stm32cube.ide.mcu.externaltools.gnu-tools-for-stm32.7-2018-q2-update.win32_1.0.0.201904181610/tools/bin/../lib/gcc/arm-none-eabi/7.3.1/../../../../arm-none-eabi/lib/thumb/v7-m\libc_nano.a(lib_a-nano-vfprintf.o)
 .ARM.attributes
                0x0000000000000701       0x2d d:/st/stm32cubeide_1.0.2/stm32cubeide/plugins/com.st.stm32cube.ide.mcu.externaltools.gnu-tools-for-stm32.7-2018-q2-update.win32_1.0.0.201904181610/tools/bin/../lib/gcc/arm-none-eabi/7.3.1/../../../../arm-none-eabi/lib/thumb/v7-m\libc_nano.a(lib_a-nano-vfprintf_i.o)
 .ARM.attributes
                0x000000000000072e       0x2d d:/st/stm32cubeide_1.0.2/stm32cubeide/plugins/com.st.stm32cube.ide.mcu.externaltools.gnu-tools-for-stm32.7-2018-q2-update.win32_1.0.0.201904181610/tools/bin/../lib/gcc/arm-none-eabi/7.3.1/../../../../arm-none-eabi/lib/thumb/v7-m\libc_nano.a(lib_a-wbuf.o)
 .ARM.attributes
                0x000000000000075b       0x2d d:/st/stm32cubeide_1.0.2/stm32cubeide/plugins/com.st.stm32cube.ide.mcu.externaltools.gnu-tools-for-stm32.7-2018-q2-update.win32_1.0.0.201904181610/tools/bin/../lib/gcc/arm-none-eabi/7.3.1/../../../../arm-none-eabi/lib/thumb/v7-m\libc_nano.a(lib_a-wsetup.o)
 .ARM.attributes
                0x0000000000000788       0x2d d:/st/stm32cubeide_1.0.2/stm32cubeide/plugins/com.st.stm32cube.ide.mcu.externaltools.gnu-tools-for-stm32.7-2018-q2-update.win32_1.0.0.201904181610/tools/bin/../lib/gcc/arm-none-eabi/7.3.1/../../../../arm-none-eabi/lib/thumb/v7-m\libc_nano.a(lib_a-abort.o)
 .ARM.attributes
                0x00000000000007b5       0x2d d:/st/stm32cubeide_1.0.2/stm32cubeide/plugins/com.st.stm32cube.ide.mcu.externaltools.gnu-tools-for-stm32.7-2018-q2-update.win32_1.0.0.201904181610/tools/bin/../lib/gcc/arm-none-eabi/7.3.1/../../../../arm-none-eabi/lib/thumb/v7-m\libc_nano.a(lib_a-fflush.o)
 .ARM.attributes
                0x00000000000007e2       0x2d d:/st/stm32cubeide_1.0.2/stm32cubeide/plugins/com.st.stm32cube.ide.mcu.externaltools.gnu-tools-for-stm32.7-2018-q2-update.win32_1.0.0.201904181610/tools/bin/../lib/gcc/arm-none-eabi/7.3.1/../../../../arm-none-eabi/lib/thumb/v7-m\libc_nano.a(lib_a-findfp.o)
 .ARM.attributes
                0x000000000000080f       0x2d d:/st/stm32cubeide_1.0.2/stm32cubeide/plugins/com.st.stm32cube.ide.mcu.externaltools.gnu-tools-for-stm32.7-2018-q2-update.win32_1.0.0.201904181610/tools/bin/../lib/gcc/arm-none-eabi/7.3.1/../../../../arm-none-eabi/lib/thumb/v7-m\libc_nano.a(lib_a-fwalk.o)
 .ARM.attributes
                0x000000000000083c       0x2d d:/st/stm32cubeide_1.0.2/stm32cubeide/plugins/com.st.stm32cube.ide.mcu.externaltools.gnu-tools-for-stm32.7-2018-q2-update.win32_1.0.0.201904181610/tools/bin/../lib/gcc/arm-none-eabi/7.3.1/../../../../arm-none-eabi/lib/thumb/v7-m\libc_nano.a(lib_a-makebuf.o)
 .ARM.attributes
                0x0000000000000869       0x2d d:/st/stm32cubeide_1.0.2/stm32cubeide/plugins/com.st.stm32cube.ide.mcu.externaltools.gnu-tools-for-stm32.7-2018-q2-update.win32_1.0.0.201904181610/tools/bin/../lib/gcc/arm-none-eabi/7.3.1/../../../../arm-none-eabi/lib/thumb/v7-m\libc_nano.a(lib_a-memchr-stub.o)
 .ARM.attributes
                0x0000000000000896       0x2d d:/st/stm32cubeide_1.0.2/stm32cubeide/plugins/com.st.stm32cube.ide.mcu.externaltools.gnu-tools-for-stm32.7-2018-q2-update.win32_1.0.0.201904181610/tools/bin/../lib/gcc/arm-none-eabi/7.3.1/../../../../arm-none-eabi/lib/thumb/v7-m\libc_nano.a(lib_a-nano-freer.o)
 .ARM.attributes
                0x00000000000008c3       0x2d d:/st/stm32cubeide_1.0.2/stm32cubeide/plugins/com.st.stm32cube.ide.mcu.externaltools.gnu-tools-for-stm32.7-2018-q2-update.win32_1.0.0.201904181610/tools/bin/../lib/gcc/arm-none-eabi/7.3.1/../../../../arm-none-eabi/lib/thumb/v7-m\libc_nano.a(lib_a-nano-mallocr.o)
 .ARM.attributes
                0x00000000000008f0       0x2d d:/st/stm32cubeide_1.0.2/stm32cubeide/plugins/com.st.stm32cube.ide.mcu.externaltools.gnu-tools-for-stm32.7-2018-q2-update.win32_1.0.0.201904181610/tools/bin/../lib/gcc/arm-none-eabi/7.3.1/../../../../arm-none-eabi/lib/thumb/v7-m\libc_nano.a(lib_a-sbrkr.o)
 .ARM.attributes
                0x000000000000091d       0x2d d:/st/stm32cubeide_1.0.2/stm32cubeide/plugins/com.st.stm32cube.ide.mcu.externaltools.gnu-tools-for-stm32.7-2018-q2-update.win32_1.0.0.201904181610/tools/bin/../lib/gcc/arm-none-eabi/7.3.1/../../../../arm-none-eabi/lib/thumb/v7-m\libc_nano.a(lib_a-signal.o)
 .ARM.attributes
                0x000000000000094a       0x2d d:/st/stm32cubeide_1.0.2/stm32cubeide/plugins/com.st.stm32cube.ide.mcu.externaltools.gnu-tools-for-stm32.7-2018-q2-update.win32_1.0.0.201904181610/tools/bin/../lib/gcc/arm-none-eabi/7.3.1/../../../../arm-none-eabi/lib/thumb/v7-m\libc_nano.a(lib_a-signalr.o)
 .ARM.attributes
                0x0000000000000977       0x2d d:/st/stm32cubeide_1.0.2/stm32cubeide/plugins/com.st.stm32cube.ide.mcu.externaltools.gnu-tools-for-stm32.7-2018-q2-update.win32_1.0.0.201904181610/tools/bin/../lib/gcc/arm-none-eabi/7.3.1/../../../../arm-none-eabi/lib/thumb/v7-m\libc_nano.a(lib_a-stdio.o)
 .ARM.attributes
                0x00000000000009a4       0x2d d:/st/stm32cubeide_1.0.2/stm32cubeide/plugins/com.st.stm32cube.ide.mcu.externaltools.gnu-tools-for-stm32.7-2018-q2-update.win32_1.0.0.201904181610/tools/bin/../lib/gcc/arm-none-eabi/7.3.1/../../../../arm-none-eabi/lib/thumb/v7-m\libc_nano.a(lib_a-writer.o)
 .ARM.attributes
                0x00000000000009d1       0x2d d:/st/stm32cubeide_1.0.2/stm32cubeide/plugins/com.st.stm32cube.ide.mcu.externaltools.gnu-tools-for-stm32.7-2018-q2-update.win32_1.0.0.201904181610/tools/bin/../lib/gcc/arm-none-eabi/7.3.1/../../../../arm-none-eabi/lib/thumb/v7-m\libc_nano.a(lib_a-closer.o)
 .ARM.attributes
                0x00000000000009fe       0x2d d:/st/stm32cubeide_1.0.2/stm32cubeide/plugins/com.st.stm32cube.ide.mcu.externaltools.gnu-tools-for-stm32.7-2018-q2-update.win32_1.0.0.201904181610/tools/bin/../lib/gcc/arm-none-eabi/7.3.1/../../../../arm-none-eabi/lib/thumb/v7-m\libc_nano.a(lib_a-fstatr.o)
 .ARM.attributes
                0x0000000000000a2b       0x2d d:/st/stm32cubeide_1.0.2/stm32cubeide/plugins/com.st.stm32cube.ide.mcu.externaltools.gnu-tools-for-stm32.7-2018-q2-update.win32_1.0.0.201904181610/tools/bin/../lib/gcc/arm-none-eabi/7.3.1/../../../../arm-none-eabi/lib/thumb/v7-m\libc_nano.a(lib_a-isattyr.o)
 .ARM.attributes
                0x0000000000000a58       0x2d d:/st/stm32cubeide_1.0.2/stm32cubeide/plugins/com.st.stm32cube.ide.mcu.externaltools.gnu-tools-for-stm32.7-2018-q2-update.win32_1.0.0.201904181610/tools/bin/../lib/gcc/arm-none-eabi/7.3.1/../../../../arm-none-eabi/lib/thumb/v7-m\libc_nano.a(lib_a-lseekr.o)
 .ARM.attributes
                0x0000000000000a85       0x2d d:/st/stm32cubeide_1.0.2/stm32cubeide/plugins/com.st.stm32cube.ide.mcu.externaltools.gnu-tools-for-stm32.7-2018-q2-update.win32_1.0.0.201904181610/tools/bin/../lib/gcc/arm-none-eabi/7.3.1/../../../../arm-none-eabi/lib/thumb/v7-m\libc_nano.a(lib_a-mlock.o)
 .ARM.attributes
                0x0000000000000ab2       0x2d d:/st/stm32cubeide_1.0.2/stm32cubeide/plugins/com.st.stm32cube.ide.mcu.externaltools.gnu-tools-for-stm32.7-2018-q2-update.win32_1.0.0.201904181610/tools/bin/../lib/gcc/arm-none-eabi/7.3.1/../../../../arm-none-eabi/lib/thumb/v7-m\libc_nano.a(lib_a-readr.o)
 .ARM.attributes
                0x0000000000000adf       0x2d d:/st/stm32cubeide_1.0.2/stm32cubeide/plugins/com.st.stm32cube.ide.mcu.externaltools.gnu-tools-for-stm32.7-2018-q2-update.win32_1.0.0.201904181610/tools/bin/../lib/gcc/arm-none-eabi/7.3.1/../../../../arm-none-eabi/lib/thumb/v7-m\libc_nano.a(lib_a-reent.o)
 .ARM.attributes
                0x0000000000000b0c       0x1d d:/st/stm32cubeide_1.0.2/stm32cubeide/plugins/com.st.stm32cube.ide.mcu.externaltools.gnu-tools-for-stm32.7-2018-q2-update.win32_1.0.0.201904181610/tools/bin/../lib/gcc/arm-none-eabi/7.3.1/thumb/v7-m/crtn.o
OUTPUT(stm32f100_hal_modbus.elf elf32-littlearm)

.debug_info     0x0000000000000000    0x126fb
 .debug_info    0x0000000000000000      0x680 Drivers/STM32F1xx_HAL_Driver/Src/stm32f1xx_hal.o
 .debug_info    0x0000000000000680      0xb3a Drivers/STM32F1xx_HAL_Driver/Src/stm32f1xx_hal_cortex.o
 .debug_info    0x00000000000011ba      0x69b Drivers/STM32F1xx_HAL_Driver/Src/stm32f1xx_hal_gpio.o
 .debug_info    0x0000000000001855      0x781 Drivers/STM32F1xx_HAL_Driver/Src/stm32f1xx_hal_rcc.o
 .debug_info    0x0000000000001fd6     0x2456 Drivers/STM32F1xx_HAL_Driver/Src/stm32f1xx_hal_tim.o
 .debug_info    0x000000000000442c     0x1104 Drivers/STM32F1xx_HAL_Driver/Src/stm32f1xx_hal_tim_ex.o
 .debug_info    0x0000000000005530     0x11e3 Drivers/STM32F1xx_HAL_Driver/Src/stm32f1xx_hal_uart.o
 .debug_info    0x0000000000006713      0xe4d Drivers/modbus/ascii/mbascii.o
 .debug_info    0x0000000000007560      0xb5f Drivers/modbus/functions/mbfunccoils.o
 .debug_info    0x00000000000080bf      0xa3d Drivers/modbus/functions/mbfuncdisc.o
 .debug_info    0x0000000000008afc      0xbcb Drivers/modbus/functions/mbfuncholding.o
 .debug_info    0x00000000000096c7      0xa2f Drivers/modbus/functions/mbfuncinput.o
 .debug_info    0x000000000000a0f6      0xa91 Drivers/modbus/functions/mbfuncother.o
 .debug_info    0x000000000000ab87      0xb26 Drivers/modbus/functions/mbutils.o
 .debug_info    0x000000000000b6ad      0xe20 Drivers/modbus/mb.o
 .debug_info    0x000000000000c4cd      0x190 Drivers/modbus/port/portevent.o
 .debug_info    0x000000000000c65d      0xac7 Drivers/modbus/port/portserial.o
 .debug_info    0x000000000000d124      0x6f5 Drivers/modbus/port/porttimer.o
 .debug_info    0x000000000000d819      0x145 Drivers/modbus/rtu/mbcrc.o
 .debug_info    0x000000000000d95e      0xd41 Drivers/modbus/rtu/mbrtu.o
 .debug_info    0x000000000000e69f      0xe4c Src/main.o
 .debug_info    0x000000000000f4eb      0xc53 Src/stm32f1xx_hal_msp.o
 .debug_info    0x000000000001013e      0x980 Src/stm32f1xx_it.o
 .debug_info    0x0000000000010abe      0xebd Src/syscalls.o
 .debug_info    0x000000000001197b      0x91c Src/sysmem.o
 .debug_info    0x0000000000012297      0x442 Src/system_stm32f1xx.o
 .debug_info    0x00000000000126d9       0x22 Startup/startup_stm32f100rbtx.o

.debug_abbrev   0x0000000000000000     0x3183
 .debug_abbrev  0x0000000000000000      0x203 Drivers/STM32F1xx_HAL_Driver/Src/stm32f1xx_hal.o
 .debug_abbrev  0x0000000000000203      0x2d5 Drivers/STM32F1xx_HAL_Driver/Src/stm32f1xx_hal_cortex.o
 .debug_abbrev  0x00000000000004d8      0x1c0 Drivers/STM32F1xx_HAL_Driver/Src/stm32f1xx_hal_gpio.o
 .debug_abbrev  0x0000000000000698      0x243 Drivers/STM32F1xx_HAL_Driver/Src/stm32f1xx_hal_rcc.o
 .debug_abbrev  0x00000000000008db      0x230 Drivers/STM32F1xx_HAL_Driver/Src/stm32f1xx_hal_tim.o
 .debug_abbrev  0x0000000000000b0b      0x21e Drivers/STM32F1xx_HAL_Driver/Src/stm32f1xx_hal_tim_ex.o
 .debug_abbrev  0x0000000000000d29      0x242 Drivers/STM32F1xx_HAL_Driver/Src/stm32f1xx_hal_uart.o
 .debug_abbrev  0x0000000000000f6b      0x272 Drivers/modbus/ascii/mbascii.o
 .debug_abbrev  0x00000000000011dd      0x1d3 Drivers/modbus/functions/mbfunccoils.o
 .debug_abbrev  0x00000000000013b0      0x1b7 Drivers/modbus/functions/mbfuncdisc.o
 .debug_abbrev  0x0000000000001567      0x1d3 Drivers/modbus/functions/mbfuncholding.o
 .debug_abbrev  0x000000000000173a      0x1b7 Drivers/modbus/functions/mbfuncinput.o
 .debug_abbrev  0x00000000000018f1      0x1d3 Drivers/modbus/functions/mbfuncother.o
 .debug_abbrev  0x0000000000001ac4      0x1e0 Drivers/modbus/functions/mbutils.o
 .debug_abbrev  0x0000000000001ca4      0x23a Drivers/modbus/mb.o
 .debug_abbrev  0x0000000000001ede       0xcb Drivers/modbus/port/portevent.o
 .debug_abbrev  0x0000000000001fa9      0x235 Drivers/modbus/port/portserial.o
 .debug_abbrev  0x00000000000021de      0x1b5 Drivers/modbus/port/porttimer.o
 .debug_abbrev  0x0000000000002393       0x96 Drivers/modbus/rtu/mbcrc.o
 .debug_abbrev  0x0000000000002429      0x23b Drivers/modbus/rtu/mbrtu.o
 .debug_abbrev  0x0000000000002664      0x26d Src/main.o
 .debug_abbrev  0x00000000000028d1      0x1a6 Src/stm32f1xx_hal_msp.o
 .debug_abbrev  0x0000000000002a77      0x1a4 Src/stm32f1xx_it.o
 .debug_abbrev  0x0000000000002c1b      0x261 Src/syscalls.o
 .debug_abbrev  0x0000000000002e7c      0x1bb Src/sysmem.o
 .debug_abbrev  0x0000000000003037      0x13a Src/system_stm32f1xx.o
 .debug_abbrev  0x0000000000003171       0x12 Startup/startup_stm32f100rbtx.o

.debug_aranges  0x0000000000000000      0xee8
 .debug_aranges
                0x0000000000000000       0xe0 Drivers/STM32F1xx_HAL_Driver/Src/stm32f1xx_hal.o
 .debug_aranges
                0x00000000000000e0      0x100 Drivers/STM32F1xx_HAL_Driver/Src/stm32f1xx_hal_cortex.o
 .debug_aranges
                0x00000000000001e0       0x58 Drivers/STM32F1xx_HAL_Driver/Src/stm32f1xx_hal_gpio.o
 .debug_aranges
                0x0000000000000238       0x90 Drivers/STM32F1xx_HAL_Driver/Src/stm32f1xx_hal_rcc.o
 .debug_aranges
                0x00000000000002c8      0x3a8 Drivers/STM32F1xx_HAL_Driver/Src/stm32f1xx_hal_tim.o
 .debug_aranges
                0x0000000000000670      0x150 Drivers/STM32F1xx_HAL_Driver/Src/stm32f1xx_hal_tim_ex.o
 .debug_aranges
                0x00000000000007c0      0x1d0 Drivers/STM32F1xx_HAL_Driver/Src/stm32f1xx_hal_uart.o
 .debug_aranges
                0x0000000000000990       0x70 Drivers/modbus/ascii/mbascii.o
 .debug_aranges
                0x0000000000000a00       0x30 Drivers/modbus/functions/mbfunccoils.o
 .debug_aranges
                0x0000000000000a30       0x20 Drivers/modbus/functions/mbfuncdisc.o
 .debug_aranges
                0x0000000000000a50       0x38 Drivers/modbus/functions/mbfuncholding.o
 .debug_aranges
                0x0000000000000a88       0x20 Drivers/modbus/functions/mbfuncinput.o
 .debug_aranges
                0x0000000000000aa8       0x28 Drivers/modbus/functions/mbfuncother.o
 .debug_aranges
                0x0000000000000ad0       0x30 Drivers/modbus/functions/mbutils.o
 .debug_aranges
                0x0000000000000b00       0x48 Drivers/modbus/mb.o
 .debug_aranges
                0x0000000000000b48       0x30 Drivers/modbus/port/portevent.o
 .debug_aranges
                0x0000000000000b78       0x60 Drivers/modbus/port/portserial.o
 .debug_aranges
                0x0000000000000bd8       0x40 Drivers/modbus/port/porttimer.o
 .debug_aranges
                0x0000000000000c18       0x20 Drivers/modbus/rtu/mbcrc.o
 .debug_aranges
                0x0000000000000c38       0x58 Drivers/modbus/rtu/mbrtu.o
 .debug_aranges
                0x0000000000000c90       0x78 Src/main.o
 .debug_aranges
                0x0000000000000d08       0x40 Src/stm32f1xx_hal_msp.o
 .debug_aranges
                0x0000000000000d48       0x88 Src/stm32f1xx_it.o
 .debug_aranges
                0x0000000000000dd0       0xa8 Src/syscalls.o
 .debug_aranges
                0x0000000000000e78       0x20 Src/sysmem.o
 .debug_aranges
                0x0000000000000e98       0x28 Src/system_stm32f1xx.o
 .debug_aranges
                0x0000000000000ec0       0x28 Startup/startup_stm32f100rbtx.o

.debug_ranges   0x0000000000000000      0xd40
 .debug_ranges  0x0000000000000000       0xd0 Drivers/STM32F1xx_HAL_Driver/Src/stm32f1xx_hal.o
 .debug_ranges  0x00000000000000d0       0xf0 Drivers/STM32F1xx_HAL_Driver/Src/stm32f1xx_hal_cortex.o
 .debug_ranges  0x00000000000001c0       0x48 Drivers/STM32F1xx_HAL_Driver/Src/stm32f1xx_hal_gpio.o
 .debug_ranges  0x0000000000000208       0x80 Drivers/STM32F1xx_HAL_Driver/Src/stm32f1xx_hal_rcc.o
 .debug_ranges  0x0000000000000288      0x398 Drivers/STM32F1xx_HAL_Driver/Src/stm32f1xx_hal_tim.o
 .debug_ranges  0x0000000000000620      0x140 Drivers/STM32F1xx_HAL_Driver/Src/stm32f1xx_hal_tim_ex.o
 .debug_ranges  0x0000000000000760      0x1c0 Drivers/STM32F1xx_HAL_Driver/Src/stm32f1xx_hal_uart.o
 .debug_ranges  0x0000000000000920       0x60 Drivers/modbus/ascii/mbascii.o
 .debug_ranges  0x0000000000000980       0x20 Drivers/modbus/functions/mbfunccoils.o
 .debug_ranges  0x00000000000009a0       0x10 Drivers/modbus/functions/mbfuncdisc.o
 .debug_ranges  0x00000000000009b0       0x28 Drivers/modbus/functions/mbfuncholding.o
 .debug_ranges  0x00000000000009d8       0x10 Drivers/modbus/functions/mbfuncinput.o
 .debug_ranges  0x00000000000009e8       0x18 Drivers/modbus/functions/mbfuncother.o
 .debug_ranges  0x0000000000000a00       0x20 Drivers/modbus/functions/mbutils.o
 .debug_ranges  0x0000000000000a20       0x38 Drivers/modbus/mb.o
 .debug_ranges  0x0000000000000a58       0x20 Drivers/modbus/port/portevent.o
 .debug_ranges  0x0000000000000a78       0x50 Drivers/modbus/port/portserial.o
 .debug_ranges  0x0000000000000ac8       0x30 Drivers/modbus/port/porttimer.o
 .debug_ranges  0x0000000000000af8       0x10 Drivers/modbus/rtu/mbcrc.o
 .debug_ranges  0x0000000000000b08       0x48 Drivers/modbus/rtu/mbrtu.o
 .debug_ranges  0x0000000000000b50       0x68 Src/main.o
 .debug_ranges  0x0000000000000bb8       0x30 Src/stm32f1xx_hal_msp.o
 .debug_ranges  0x0000000000000be8       0x78 Src/stm32f1xx_it.o
 .debug_ranges  0x0000000000000c60       0x98 Src/syscalls.o
 .debug_ranges  0x0000000000000cf8       0x10 Src/sysmem.o
 .debug_ranges  0x0000000000000d08       0x18 Src/system_stm32f1xx.o
 .debug_ranges  0x0000000000000d20       0x20 Startup/startup_stm32f100rbtx.o

.debug_macro    0x0000000000000000    0x104c3
 .debug_macro   0x0000000000000000      0x1bd Drivers/STM32F1xx_HAL_Driver/Src/stm32f1xx_hal.o
 .debug_macro   0x00000000000001bd      0xa5a Drivers/STM32F1xx_HAL_Driver/Src/stm32f1xx_hal.o
 .debug_macro   0x0000000000000c17      0x21b Drivers/STM32F1xx_HAL_Driver/Src/stm32f1xx_hal.o
 .debug_macro   0x0000000000000e32       0x2e Drivers/STM32F1xx_HAL_Driver/Src/stm32f1xx_hal.o
 .debug_macro   0x0000000000000e60       0x22 Drivers/STM32F1xx_HAL_Driver/Src/stm32f1xx_hal.o
 .debug_macro   0x0000000000000e82       0x22 Drivers/STM32F1xx_HAL_Driver/Src/stm32f1xx_hal.o
 .debug_macro   0x0000000000000ea4       0x8e Drivers/STM32F1xx_HAL_Driver/Src/stm32f1xx_hal.o
 .debug_macro   0x0000000000000f32       0x51 Drivers/STM32F1xx_HAL_Driver/Src/stm32f1xx_hal.o
 .debug_macro   0x0000000000000f83       0xef Drivers/STM32F1xx_HAL_Driver/Src/stm32f1xx_hal.o
 .debug_macro   0x0000000000001072       0x6a Drivers/STM32F1xx_HAL_Driver/Src/stm32f1xx_hal.o
 .debug_macro   0x00000000000010dc      0x1df Drivers/STM32F1xx_HAL_Driver/Src/stm32f1xx_hal.o
 .debug_macro   0x00000000000012bb       0x1c Drivers/STM32F1xx_HAL_Driver/Src/stm32f1xx_hal.o
 .debug_macro   0x00000000000012d7       0x22 Drivers/STM32F1xx_HAL_Driver/Src/stm32f1xx_hal.o
 .debug_macro   0x00000000000012f9       0xc3 Drivers/STM32F1xx_HAL_Driver/Src/stm32f1xx_hal.o
 .debug_macro   0x00000000000013bc      0xd23 Drivers/STM32F1xx_HAL_Driver/Src/stm32f1xx_hal.o
 .debug_macro   0x00000000000020df     0x75c9 Drivers/STM32F1xx_HAL_Driver/Src/stm32f1xx_hal.o
 .debug_macro   0x00000000000096a8       0x43 Drivers/STM32F1xx_HAL_Driver/Src/stm32f1xx_hal.o
 .debug_macro   0x00000000000096eb      0x174 Drivers/STM32F1xx_HAL_Driver/Src/stm32f1xx_hal.o
 .debug_macro   0x000000000000985f       0x5a Drivers/STM32F1xx_HAL_Driver/Src/stm32f1xx_hal.o
 .debug_macro   0x00000000000098b9      0x5be Drivers/STM32F1xx_HAL_Driver/Src/stm32f1xx_hal.o
 .debug_macro   0x0000000000009e77      0x369 Drivers/STM32F1xx_HAL_Driver/Src/stm32f1xx_hal.o
 .debug_macro   0x000000000000a1e0      0x1cb Drivers/STM32F1xx_HAL_Driver/Src/stm32f1xx_hal.o
 .debug_macro   0x000000000000a3ab      0x114 Drivers/STM32F1xx_HAL_Driver/Src/stm32f1xx_hal.o
 .debug_macro   0x000000000000a4bf      0x1f1 Drivers/STM32F1xx_HAL_Driver/Src/stm32f1xx_hal.o
 .debug_macro   0x000000000000a6b0       0x27 Drivers/STM32F1xx_HAL_Driver/Src/stm32f1xx_hal.o
 .debug_macro   0x000000000000a6d7      0x130 Drivers/STM32F1xx_HAL_Driver/Src/stm32f1xx_hal.o
 .debug_macro   0x000000000000a807      0x1bc Drivers/STM32F1xx_HAL_Driver/Src/stm32f1xx_hal.o
 .debug_macro   0x000000000000a9c3       0x34 Drivers/STM32F1xx_HAL_Driver/Src/stm32f1xx_hal.o
 .debug_macro   0x000000000000a9f7       0x3c Drivers/STM32F1xx_HAL_Driver/Src/stm32f1xx_hal.o
 .debug_macro   0x000000000000aa33       0x57 Drivers/STM32F1xx_HAL_Driver/Src/stm32f1xx_hal.o
 .debug_macro   0x000000000000aa8a       0x6c Drivers/STM32F1xx_HAL_Driver/Src/stm32f1xx_hal.o
 .debug_macro   0x000000000000aaf6      0x241 Drivers/STM32F1xx_HAL_Driver/Src/stm32f1xx_hal.o
 .debug_macro   0x000000000000ad37      0x141 Drivers/STM32F1xx_HAL_Driver/Src/stm32f1xx_hal.o
 .debug_macro   0x000000000000ae78      0x88b Drivers/STM32F1xx_HAL_Driver/Src/stm32f1xx_hal.o
 .debug_macro   0x000000000000b703      0x287 Drivers/STM32F1xx_HAL_Driver/Src/stm32f1xx_hal.o
 .debug_macro   0x000000000000b98a       0x9f Drivers/STM32F1xx_HAL_Driver/Src/stm32f1xx_hal.o
 .debug_macro   0x000000000000ba29      0x199 Drivers/STM32F1xx_HAL_Driver/Src/stm32f1xx_hal_cortex.o
 .debug_macro   0x000000000000bbc2      0x204 Drivers/STM32F1xx_HAL_Driver/Src/stm32f1xx_hal_gpio.o
 .debug_macro   0x000000000000bdc6      0x1ab Drivers/STM32F1xx_HAL_Driver/Src/stm32f1xx_hal_rcc.o
 .debug_macro   0x000000000000bf71      0x19a Drivers/STM32F1xx_HAL_Driver/Src/stm32f1xx_hal_tim.o
 .debug_macro   0x000000000000c10b      0x199 Drivers/STM32F1xx_HAL_Driver/Src/stm32f1xx_hal_tim_ex.o
 .debug_macro   0x000000000000c2a4      0x19a Drivers/STM32F1xx_HAL_Driver/Src/stm32f1xx_hal_uart.o
 .debug_macro   0x000000000000c43e      0x1fe Drivers/modbus/ascii/mbascii.o
 .debug_macro   0x000000000000c63c       0x18 Drivers/modbus/ascii/mbascii.o
 .debug_macro   0x000000000000c654       0x40 Drivers/modbus/ascii/mbascii.o
 .debug_macro   0x000000000000c694       0x94 Drivers/modbus/ascii/mbascii.o
 .debug_macro   0x000000000000c728       0x3c Drivers/modbus/ascii/mbascii.o
 .debug_macro   0x000000000000c764       0x34 Drivers/modbus/ascii/mbascii.o
 .debug_macro   0x000000000000c798       0x16 Drivers/modbus/ascii/mbascii.o
 .debug_macro   0x000000000000c7ae      0x10e Drivers/modbus/ascii/mbascii.o
 .debug_macro   0x000000000000c8bc       0x8d Drivers/modbus/ascii/mbascii.o
 .debug_macro   0x000000000000c949       0x57 Drivers/modbus/ascii/mbascii.o
 .debug_macro   0x000000000000c9a0       0x52 Drivers/modbus/ascii/mbascii.o
 .debug_macro   0x000000000000c9f2       0x1f Drivers/modbus/ascii/mbascii.o
 .debug_macro   0x000000000000ca11       0x43 Drivers/modbus/ascii/mbascii.o
 .debug_macro   0x000000000000ca54       0x20 Drivers/modbus/ascii/mbascii.o
 .debug_macro   0x000000000000ca74      0x1a3 Drivers/modbus/ascii/mbascii.o
 .debug_macro   0x000000000000cc17      0x330 Drivers/modbus/ascii/mbascii.o
 .debug_macro   0x000000000000cf47       0x16 Drivers/modbus/ascii/mbascii.o
 .debug_macro   0x000000000000cf5d       0x29 Drivers/modbus/ascii/mbascii.o
 .debug_macro   0x000000000000cf86       0x16 Drivers/modbus/ascii/mbascii.o
 .debug_macro   0x000000000000cf9c       0x35 Drivers/modbus/ascii/mbascii.o
 .debug_macro   0x000000000000cfd1       0x20 Drivers/modbus/ascii/mbascii.o
 .debug_macro   0x000000000000cff1       0x1c Drivers/modbus/ascii/mbascii.o
 .debug_macro   0x000000000000d00d      0x460 Drivers/modbus/ascii/mbascii.o
 .debug_macro   0x000000000000d46d       0x2e Drivers/modbus/ascii/mbascii.o
 .debug_macro   0x000000000000d49b       0x7c Drivers/modbus/ascii/mbascii.o
 .debug_macro   0x000000000000d517       0x70 Drivers/modbus/ascii/mbascii.o
 .debug_macro   0x000000000000d587       0x22 Drivers/modbus/ascii/mbascii.o
 .debug_macro   0x000000000000d5a9      0x20e Drivers/modbus/functions/mbfunccoils.o
 .debug_macro   0x000000000000d7b7      0x1d8 Drivers/modbus/functions/mbfuncdisc.o
 .debug_macro   0x000000000000d98f      0x238 Drivers/modbus/functions/mbfuncholding.o
 .debug_macro   0x000000000000dbc7      0x1de Drivers/modbus/functions/mbfuncinput.o
 .debug_macro   0x000000000000dda5      0x1c0 Drivers/modbus/functions/mbfuncother.o