stm32f1xx_it.c:60:6:DINAR_UART_IRQHandler	24	static
stm32f1xx_it.c:82:6:USART1_IRQHandler	8	static
stm32f1xx_it.c:87:6:USART2_IRQHandler	8	static
stm32f1xx_it.c:92:6:USART3_IRQHandler	8	static
stm32f1xx_it.c:112:6:NMI_Handler	4	static
stm32f1xx_it.c:125:6:HardFault_Handler	4	static
stm32f1xx_it.c:140:6:MemManage_Handler	4	static
stm32f1xx_it.c:155:6:BusFault_Handler	4	static
stm32f1xx_it.c:170:6:UsageFault_Handler	4	static
stm32f1xx_it.c:185:6:SVC_Handler	4	static
stm32f1xx_it.c:198:6:DebugMon_Handler	4	static
stm32f1xx_it.c:211:6:PendSV_Handler	4	static
stm32f1xx_it.c:224:6:SysTick_Handler	8	static
stm32f1xx_it.c:245:6:TIM6_DAC_IRQHandler	8	static
